Archive member included to satisfy reference by file (symbol)

../../../../cpu/wl82/liba/event.a(bt_event.c.o)
                              obj/Release/apps/wifi_story_machine/bt_ble/bt_music.o (symbol from plugin) (bt_event_notify)
../../../../cpu/wl82/liba/event.a(net_event.c.o)
                              obj/Release/apps/common/net/config_network.o (symbol from plugin) (net_event_notify)
../../../../cpu/wl82/liba/event.a(key_event.c.o)
                              obj/Release/apps/wifi_story_machine/app_music.o (symbol from plugin) (key_event_disable)
../../../../cpu/wl82/liba/event.a(device_event.c.o)
                              obj/Release/apps/common/system/power_manage.o (symbol from plugin) (device_event_notify)
../../../../cpu/wl82/liba/event.a(version.z.o)
                              (lib_event_version)
../../../../cpu/wl82/liba/event.a(event.c.o)
                              bt_event.c.o (symbol from plugin) (sys_event_notify)
../../../../cpu/wl82/liba/system.a(app_core.c.o)
                              obj/Release/apps/common/system/init.o (symbol from plugin) (app_core_msg_handler)
../../../../cpu/wl82/liba/system.a(ASCII_lib.c.o)
                              obj/Release/apps/wifi_story_machine/app_music.o (symbol from plugin) (ASCII_StrCmp)
../../../../cpu/wl82/liba/system.a(circular_buf.c.o)
                              obj/Release/apps/wifi_story_machine/app_music.o (symbol from plugin) (cbuf_read)
../../../../cpu/wl82/liba/system.a(hwi.c.o)
                              obj/Release/cpu/wl82/debug.o (symbol from plugin) (request_irq)
../../../../cpu/wl82/liba/system.a(port.c.o)
                              obj/Release/apps/common/system/init.o (symbol from plugin) (cpu1_run_flag)
../../../../cpu/wl82/liba/system.a(movable.c.o)
                              obj/Release/cpu/wl82/setup.o (symbol from plugin) (code_movable_init)
../../../../cpu/wl82/liba/system.a(queue.c.o)
                              obj/Release/apps/wifi_story_machine/PrintDemo/AppDriverBase.o (symbol from plugin) (xQueueGenericCreate)
../../../../cpu/wl82/liba/system.a(tasks.c.o)
                              obj/Release/apps/wifi_story_machine/PrintDemo/AppDriverBase.o (symbol from plugin) (vTaskDelay)
../../../../cpu/wl82/liba/system.a(event_groups.c.o)
                              obj/Release/apps/wifi_story_machine/PrintDemo/AppDriverBase.o (symbol from plugin) (xEventGroupCreate)
../../../../cpu/wl82/liba/system.a(main.c.o)
                              tasks.c.o (symbol from plugin) (vApplicationIdleHook)
../../../../cpu/wl82/liba/system.a(os_api.c.o)
                              obj/Release/apps/common/system/init.o (symbol from plugin) (os_init)
../../../../cpu/wl82/liba/system.a(lbuf.c.o)
                              obj/Release/apps/common/usb/usb_epbuf_manager.o (symbol from plugin) (lbuf_init)
../../../../cpu/wl82/liba/system.a(malloc.c.o)
                              obj/Release/include_lib/zlib-1.3/gzlib.o (symbol from plugin) (malloc)
../../../../cpu/wl82/liba/system.a(printf-stdarg.c.o)
                              obj/Release/apps/common/config/user_cfg.o (symbol from plugin) (sprintf)
../../../../cpu/wl82/liba/system.a(puthex.c.o)
                              obj/Release/apps/common/ble/le_net_cfg.o (symbol from plugin) (putchar)
../../../../cpu/wl82/liba/system.a(log.c.o)
                              obj/Release/cpu/wl82/debug.o (symbol from plugin) (log_flush)
../../../../cpu/wl82/liba/system.a(server_core.c.o)
                              obj/Release/apps/wifi_story_machine/app_music.o (symbol from plugin) (server_event_handler_del)
../../../../cpu/wl82/liba/system.a(task.c.o)
                              os_api.c.o (symbol from plugin) (get_task_priority)
../../../../cpu/wl82/liba/system.a(timer.c.o)
                              obj/Release/apps/wifi_story_machine/bt_ble/bt_music.o (symbol from plugin) (sys_timer_add)
../../../../cpu/wl82/liba/system.a(wait_completion.c.o)
                              obj/Release/apps/wifi_story_machine/app_music.o (symbol from plugin) (wait_completion)
../../../../cpu/wl82/liba/system.a(sys_timer_task.c.o)
                              obj/Release/apps/common/system/init.o (symbol from plugin) (sys_timer_task_init)
../../../../cpu/wl82/liba/system.a(port_asm.S.o)
                              port.c.o (symbol from plugin) (vSoftwareInterruptISR)
../../../../cpu/wl82/liba/system.a(movable.S.o)
                              movable.c.o (symbol from plugin) (movable_swi_entry)
../../../../cpu/wl82/liba/system.a(version.z.o)
                              (lib_system_version)
../../../../cpu/wl82/liba/system.a(port_overwrite.c.o)
                              tasks.c.o (symbol from plugin) (vPortSuppressTicksAndSleep)
../../../../cpu/wl82/liba/system.a(list.c.o)
                              queue.c.o (symbol from plugin) (vListInitialise)
../../../../cpu/wl82/liba/system.a(fcvt.c.o)
[...]
Memory Configuration

Name             Origin             Length             Attributes
rom              0x02000120         0x00100000         xr
sdram            0x04000120         0x00000000         xrw
ram0             0x01c00000         0x0007fd50         xrw
boot_info        0x01c7fd50         0x00000030         xrw
cache_ram        0x01f28000         0x00007000         rw
*default*        0x00000000         0xffffffff

Linker script and memory map

LOAD obj/Release/cpu/wl82/debug.o
LOAD ..\..\..\..\cpu\wl82\tools\sdk.elf.o
LOAD obj/Release/cpu/wl82/iic.o
LOAD obj/Release/cpu/wl82/key/adc_api.o
LOAD obj/Release/cpu/wl82/port_waked_up.o
LOAD obj/Release/cpu/wl82/setup.o
LOAD obj/Release/include_lib/btctrler/version.z.o
LOAD obj/Release/include_lib/btstack/version.z.o
LOAD obj/Release/include_lib/driver/version.z.o
LOAD obj/Release/include_lib/media/version.z.o
LOAD obj/Release/include_lib/net/version.z.o
LOAD obj/Release/include_lib/server/version.z.o
LOAD obj/Release/include_lib/system/version.z.o
LOAD obj/Release/include_lib/update/version.z.o
LOAD obj/Release/include_lib/utils/version.z.o
LOAD obj/Release/include_lib/zlib-1.3/adler32.o
LOAD obj/Release/include_lib/zlib-1.3/compress.o
LOAD obj/Release/include_lib/zlib-1.3/crc32.o
LOAD obj/Release/include_lib/zlib-1.3/deflate.o
LOAD obj/Release/include_lib/zlib-1.3/gzclose.o
LOAD obj/Release/include_lib/zlib-1.3/gzlib.o
LOAD obj/Release/include_lib/zlib-1.3/gzread.o
LOAD obj/Release/include_lib/zlib-1.3/gzwrite.o
LOAD obj/Release/include_lib/zlib-1.3/infback.o
LOAD obj/Release/include_lib/zlib-1.3/inffast.o
LOAD obj/Release/include_lib/zlib-1.3/inflate.o
LOAD obj/Release/include_lib/zlib-1.3/inftrees.o
LOAD obj/Release/include_lib/zlib-1.3/trees.o
LOAD obj/Release/include_lib/zlib-1.3/uncompr.o
LOAD obj/Release/include_lib/zlib-1.3/zutil.o
LOAD obj/Release/lib/net/version.z.o
LOAD obj/Release/lib/server/version.z.o
LOAD obj/Release/lib/utils/version.z.o
LOAD obj/Release/apps/common/asr/aisp/aisp.o
LOAD obj/Release/apps/common/asr/jlkws/jlkws.o
LOAD obj/Release/apps/common/asr/roobo/roobo.o
LOAD obj/Release/apps/common/asr/wanson/wanson.o
LOAD obj/Release/apps/common/audio_music/audio_config.o
LOAD obj/Release/apps/common/audio_music/audio_eff_default_parm.o
LOAD obj/Release/apps/common/audio_music/effects_adj.o
LOAD obj/Release/apps/common/audio_music/eq_config_new.o
LOAD obj/Release/apps/common/audio_music/http_recorder.o
LOAD obj/Release/apps/common/audio_music/music_decrypt.o
LOAD obj/Release/apps/common/audio_music/usb_audio_api.o
LOAD obj/Release/apps/common/audio_music/wifi_upload_pcm.o
LOAD obj/Release/apps/common/ble/le_hogp.o
LOAD obj/Release/apps/common/ble/le_net_central.o
LOAD obj/Release/apps/common/ble/le_net_cfg.o
LOAD obj/Release/apps/common/ble/le_net_cfg_dui.o
LOAD obj/Release/apps/common/ble/le_net_cfg_tencent.o
LOAD obj/Release/apps/common/ble/le_net_cfg_turing.o
LOAD obj/Release/apps/common/ble/le_trans_data.o
LOAD obj/Release/apps/common/ble/mesh/examples/AliGenie_fan.o
LOAD obj/Release/apps/common/ble/mesh/examples/AliGenie_light.o
LOAD obj/Release/apps/common/ble/mesh/examples/AliGenie_socket.o
LOAD obj/Release/apps/common/ble/mesh/examples/generic_onoff_client.o
LOAD obj/Release/apps/common/ble/mesh/examples/generic_onoff_server.o
LOAD obj/Release/apps/common/ble/mesh/examples/provisioner.o
LOAD obj/Release/apps/common/ble/mesh/examples/TUYA_light.o
LOAD obj/Release/apps/common/ble/mesh/examples/vendor_client.o
LOAD obj/Release/apps/common/ble/mesh/examples/vendor_server.o
LOAD obj/Release/apps/common/ble/mesh/mesh_config_common.o
LOAD obj/Release/apps/common/ble/mesh/model_api.o
LOAD obj/Release/apps/common/ble/mesh/unix_timestamp.o
LOAD obj/Release/apps/common/ble/multi_demo/le_multi_client.o
LOAD obj/Release/apps/common/ble/multi_demo/le_multi_common.o
LOAD obj/Release/apps/common/ble/multi_demo/le_multi_trans.o
LOAD obj/Release/apps/common/config/bt_profile_config.o
LOAD obj/Release/apps/common/config/log_config/app_config.o
LOAD obj/Release/apps/common/config/log_config/lib_btctrler_config.o
LOAD obj/Release/apps/common/config/log_config/lib_btstack_config.o
LOAD obj/Release/apps/common/config/log_config/lib_driver_config.o
LOAD obj/Release/apps/common/config/log_config/lib_system_config.o
LOAD obj/Release/apps/common/config/log_config/lib_update_config.o
LOAD obj/Release/apps/common/config/new_cfg_tool.o
LOAD obj/Release/apps/common/config/user_cfg.o
LOAD obj/Release/apps/common/debug/debug.o
LOAD obj/Release/apps/common/debug/debug_user.o
LOAD obj/Release/apps/common/fm/fm_manage.o
LOAD obj/Release/apps/common/fm/fm_rw.o
LOAD obj/Release/apps/common/fm/qn8035/QN8035.o
LOAD obj/Release/apps/common/fm/rda5807/RDA5807.o
LOAD obj/Release/apps/common/iic/iic.o
LOAD obj/Release/apps/common/iic/software_iic.o
LOAD obj/Release/apps/common/jl_math/flfft_core_pi32v2.o
LOAD obj/Release/apps/common/jl_math/jl_fft.o
LOAD obj/Release/apps/common/jl_math/jl_math.o
LOAD obj/Release/apps/common/jl_math/nn_function_vec.o
LOAD obj/Release/apps/common/key/adkey.o
LOAD obj/Release/apps/common/key/adkey_rtcvdd.o
LOAD obj/Release/apps/common/key/ctmu_touch_key.o
LOAD obj/Release/apps/common/key/iokey.o
LOAD obj/Release/apps/common/key/irkey.o
LOAD obj/Release/apps/common/key/key_driver.o
LOAD obj/Release/apps/common/key/matrix_keyboard.o
LOAD obj/Release/apps/common/key/rdec_key.o
LOAD obj/Release/apps/common/key/slidekey.o
LOAD obj/Release/apps/common/key/tent600_key.o
LOAD obj/Release/apps/common/key/touch_key.o
LOAD obj/Release/apps/common/key/uart_key.o
LOAD obj/Release/apps/common/net/assign_macaddr.o
LOAD obj/Release/apps/common/net/config_network.o
LOAD obj/Release/apps/common/net/iperf_test.o
LOAD obj/Release/apps/common/net/platform_cfg.o
LOAD obj/Release/apps/common/net/testbox/client.o
LOAD obj/Release/apps/common/net/testbox/fsm.o
LOAD obj/Release/apps/common/net/testbox/wbcp.o
LOAD obj/Release/apps/common/net/voiceprint_cfg.o
LOAD obj/Release/apps/common/net/wifi_conf.o
LOAD obj/Release/apps/common/rf_fcc_tool/rf_fcc_main.o
LOAD obj/Release/apps/common/system/device_mount.o
LOAD obj/Release/apps/common/system/flash_write_protect.o
LOAD obj/Release/apps/common/system/init.o
LOAD obj/Release/apps/common/system/power_manage.o
LOAD obj/Release/apps/common/system/system_reset_reason.o
LOAD obj/Release/apps/common/system/system_vdd_clock.o
LOAD obj/Release/apps/common/system/version.o
LOAD obj/Release/apps/common/update/fs_update.o
LOAD obj/Release/apps/common/update/http_update.o
LOAD obj/Release/apps/common/update/net_single_backup_update.o
LOAD obj/Release/apps/common/update/net_update.o
LOAD obj/Release/apps/common/update/update.o
LOAD obj/Release/apps/common/usb/device/cdc.o
LOAD obj/Release/apps/common/usb/device/descriptor.o
LOAD obj/Release/apps/common/usb/device/hid.o
LOAD obj/Release/apps/common/usb/device/msd.o
LOAD obj/Release/apps/common/usb/device/msd_upgrade.o
LOAD obj/Release/apps/common/usb/device/ram_disk_circle.o
LOAD obj/Release/apps/common/usb/device/ram_disk_update.o
LOAD obj/Release/apps/common/usb/device/task_pc.o
LOAD obj/Release/apps/common/usb/device/uac.o
LOAD obj/Release/apps/common/usb/device/uac_stream.o
LOAD obj/Release/apps/common/usb/device/usb_device.o
LOAD obj/Release/apps/common/usb/device/user_setup.o
LOAD obj/Release/apps/common/usb/device/uvc.o
LOAD obj/Release/apps/common/usb/host/adb.o
LOAD obj/Release/apps/common/usb/host/aoa.o
LOAD obj/Release/apps/common/usb/host/audio.o
LOAD obj/Release/apps/common/usb/host/hid.o
LOAD obj/Release/apps/common/usb/host/usb_bulk_transfer.o
LOAD obj/Release/apps/common/usb/host/usb_ctrl_transfer.o
LOAD obj/Release/apps/common/usb/host/usb_host.o
LOAD obj/Release/apps/common/usb/host/usb_storage.o
LOAD obj/Release/apps/common/usb/host/usb_video.o
LOAD obj/Release/apps/common/usb/host/usbnet.o
LOAD obj/Release/apps/common/usb/host/uvc_host.o
LOAD obj/Release/apps/common/usb/usb_config.o
LOAD obj/Release/apps/common/usb/usb_epbuf_manager.o
LOAD obj/Release/apps/common/usb/usb_host_config.o
LOAD obj/Release/apps/wifi_story_machine/app_main.o
LOAD obj/Release/apps/wifi_story_machine/app_music.o
LOAD obj/Release/apps/wifi_story_machine/app_music_dui.o
LOAD obj/Release/apps/wifi_story_machine/app_music_tencent.o
LOAD obj/Release/apps/wifi_story_machine/bt_ble/ble.o
LOAD obj/Release/apps/wifi_story_machine/bt_ble/bt_decode.o
LOAD obj/Release/apps/wifi_story_machine/bt_ble/bt_emitter.o
LOAD obj/Release/apps/wifi_story_machine/bt_ble/bt_music.o
LOAD obj/Release/apps/wifi_story_machine/bt_ble/spp_trans_data.o
LOAD obj/Release/apps/wifi_story_machine/PrintDemo/AppDriverBase.o
LOAD obj/Release/apps/wifi_story_machine/PrintDemo/AppDriverCommand.o
LOAD obj/Release/apps/wifi_story_machine/PrintDemo/AppDriverMain.o
LOAD obj/Release/apps/wifi_story_machine/PrintDemo/AppNVS.o
LOAD obj/Release/apps/wifi_story_machine/PrintDemo/AsciiLib.o
LOAD obj/Release/apps/wifi_story_machine/video/camera_lcd_demo.o
LOAD obj/Release/apps/wifi_story_machine/video/get_yuv_data.o
LOAD obj/Release/apps/wifi_story_machine/video/jpeg2yuv.o
LOAD obj/Release/apps/wifi_story_machine/video/network_mssdp.o
LOAD obj/Release/apps/wifi_story_machine/video/spi_data_deal.o
LOAD obj/Release/apps/wifi_story_machine/video/spi_recv.o
LOAD obj/Release/apps/wifi_story_machine/video/stream/video_rt_usr.o
LOAD obj/Release/apps/wifi_story_machine/video/stream_protocol.o
LOAD obj/Release/apps/wifi_story_machine/video/strm_video_rec.o
LOAD obj/Release/apps/wifi_story_machine/video/user_video_rec.o
LOAD obj/Release/apps/wifi_story_machine/wifi_app_task.o
LOAD obj/Release/apps/wifi_story_machine/wifi_app_task_Print.o
LOAD obj/Release/apps/wifi_story_machine/board/wl82/board_7911B.o
LOAD obj/Release/apps/wifi_story_machine/board/wl82/board_7911D.o
LOAD obj/Release/apps/wifi_story_machine/board/wl82/board_7912D.o
LOAD obj/Release/apps/wifi_story_machine/board/wl82/board_7913A.o
LOAD obj/Release/apps/wifi_story_machine/board/wl82/board_7916A.o
START GROUP
LOAD ../../../../cpu/wl82/liba/event.a
LOAD ../../../../cpu/wl82/liba/system.a
LOAD ../../../../cpu/wl82/liba/cfg_tool.a
LOAD ../../../../cpu/wl82/liba/cpu.a
LOAD ../../../../cpu/wl82/liba/update.a
LOAD ../../../../cpu/wl82/liba/common_lib.a
LOAD ../../../../cpu/wl82/liba/wl_rf_common.a
LOAD ../../../../cpu/wl82/liba/fs.a
LOAD ../../../../cpu/wl82/liba/audio_server.a
LOAD ../../../../cpu/wl82/liba/echo_server.a
LOAD ../../../../cpu/wl82/liba/led_ui_server.a
LOAD ../../../../cpu/wl82/liba/lib_opus_enc.a
LOAD ../../../../cpu/wl82/liba/libspeex.a
LOAD ../../../../cpu/wl82/liba/libvad.a
LOAD ../../../../cpu/wl82/liba/lib_wma_dec.a
LOAD ../../../../cpu/wl82/liba/lib_ape_dec.a
LOAD ../../../../cpu/wl82/liba/lib_flac_dec.a
LOAD ../../../../cpu/wl82/liba/lib_mp3_dec.a
LOAD ../../../../cpu/wl82/liba/lib_mp3_enc.a
LOAD ../../../../cpu/wl82/liba/lib_wav_dec.a
LOAD ../../../../cpu/wl82/liba/lib_dts_dec.a
LOAD ../../../../cpu/wl82/liba/lib_opus_dec.a
LOAD ../../../../cpu/wl82/liba/lib_amr_dec.a
LOAD ../../../../cpu/wl82/liba/lib_amr_enc.a
LOAD ../../../../cpu/wl82/liba/lib_amrwb_enc.a
LOAD ../../../../cpu/wl82/liba/lib_adpcm_enc.a
LOAD ../../../../cpu/wl82/liba/lib_pitchshifter.a
LOAD ../../../../cpu/wl82/liba/lib_rmono2stereo.a
LOAD ../../../../cpu/wl82/liba/lib_reverb_cal.a
LOAD ../../../../cpu/wl82/liba/lib_howling.a
LOAD ../../../../cpu/wl82/liba/lib_pitch_speed.a
LOAD ../../../../cpu/wl82/liba/lib_roobo_fig.a
LOAD ../../../../cpu/wl82/liba/lib_roobo_aec.a
LOAD ../../../../cpu/wl82/liba/lib_wanson_asr.a
LOAD ../../../../cpu/wl82/liba/libaec.a
LOAD ../../../../cpu/wl82/liba/lib_dvad.a
LOAD ../../../../cpu/wl82/liba/libdns.a
LOAD ../../../../cpu/wl82/liba/libjlsp.a
LOAD ../../../../cpu/wl82/liba/lib_usb_syn.a
LOAD ../../../../cpu/wl82/liba/lib_spectrum_show.a
LOAD ../../../../cpu/wl82/liba/img_stitch.a
LOAD ../../../../cpu/wl82/liba/libcompressor.a
LOAD ../../../../cpu/wl82/liba/lib_crossover_coff.a
LOAD ../../../../cpu/wl82/liba/libdrc.a
LOAD ../../../../cpu/wl82/liba/media_app.a
LOAD ../../../../cpu/wl82/liba/net_server.a
LOAD ../../../../cpu/wl82/liba/video_rec_server.a
LOAD ../../../../cpu/wl82/liba/aisIntlib_single_xiaoai.a
LOAD ../../../../cpu/wl82/liba/libaisp_single.a
LOAD ../../../../cpu/wl82/liba/libauth_aisp.a
LOAD ../../../../cpu/wl82/liba/libauth.a
LOAD ../../../../cpu/wl82/liba/lib_m4a_dec.a
LOAD ../../../../cpu/wl82/liba/lwip_2_1_3_SFC.a
LOAD ../../../../cpu/wl82/liba/wl_wifi_sta_SFC.a
LOAD ../../../../cpu/wl82/liba/ai_server.a
LOAD ../../../../cpu/wl82/liba/zliblite.a
LOAD ../../../../cpu/wl82/liba/profile.a
LOAD ../../../../cpu/wl82/liba/stream_media_server.a
LOAD ../../../../cpu/wl82/liba/libmbedtls_2_2_1.a
LOAD ../../../../cpu/wl82/liba/wolfssl.a
LOAD ../../../../cpu/wl82/liba/wpasupplicant.a
LOAD ../../../../cpu/wl82/liba/hsm.a
LOAD ../../../../cpu/wl82/liba/http_cli.a
LOAD ../../../../cpu/wl82/liba/http_server.a
LOAD ../../../../cpu/wl82/liba/json.a
LOAD ../../../../cpu/wl82/liba/libduer-device.a
LOAD ../../../../cpu/wl82/liba/network_download.a
LOAD ../../../../cpu/wl82/liba/lib_mqtt.a
LOAD ../../../../cpu/wl82/liba/lib_sound_wave.a
LOAD ../../../../cpu/wl82/liba/libturing.a
LOAD ../../../../cpu/wl82/liba/libdui.a
LOAD ../../../../cpu/wl82/liba/libJlCloud.a
LOAD ../../../../cpu/wl82/liba/libecho_cloud.a
LOAD ../../../../cpu/wl82/liba/libmpeg.a
LOAD ../../../../cpu/wl82/liba/libdcl.a
LOAD ../../../../cpu/wl82/liba/libdlna.a
LOAD ../../../../cpu/wl82/liba/libqrcode.a
LOAD ../../../../cpu/wl82/liba/libwt.a
LOAD ../../../../cpu/wl82/liba/libvtbk.a
LOAD ../../../../cpu/wl82/liba/libtencent.a
LOAD ../../../../cpu/wl82/liba/websocket.a
LOAD ../../../../cpu/wl82/liba/iperf.a
LOAD ../../../../cpu/wl82/liba/tmallgenie.a
LOAD ../../../../cpu/wl82/liba/tmallgenie_todo.a
LOAD ../../../../cpu/wl82/liba/cJSON.a
LOAD ../../../../cpu/wl82/liba/ftpserver_new.a
LOAD ../../../../cpu/wl82/liba/btctrler.a
LOAD ../../../../cpu/wl82/liba/btstack.a
LOAD ../../../../cpu/wl82/liba/lib_ccm_aes.a
LOAD ../../../../cpu/wl82/liba/lib_sbc_eng.a
LOAD ../../../../cpu/wl82/liba/lib_sig_mesh.a
LOAD ../../../../cpu/wl82/liba/crypto_toolbox_Osize.a
END GROUP
LOAD ../../../../cpu/wl82/liba/video_dec_server.a
LOAD ../../../../cpu/wl82/liba/ui.a
LOAD ../../../../cpu/wl82/liba/res.a
LOAD ../../../../cpu/wl82/liba/font.a
LOAD ../../../../cpu/wl82/liba/ui_draw.a
                0x00000030                BOOT_INFO_SIZE = 0x30
                0x00000000                TLB_SIZE = 0x0
                0x00000000                SDRAM_SIZE = 0x0
                0x0007fd50                RAM0_SIZE = (((0x7fe00 - TLB_SIZE) - BOOT_INFO_SIZE) - 0x80)
                0x01c7fd80                UPDATA_BEG = 0x1c7fd80
                0x00000007                FREE_DACHE_WAY = 0x7
                0x00000000                FREE_IACHE_WAY = 0x0
                0x00007000                CACHE_RAM_SIZE = ((FREE_DACHE_WAY * 0x1000) + (FREE_IACHE_WAY * 0x1000))
                0x02000120                . = ORIGIN (rom)

.text           0x02000120    0xe0540
                0x02000120                _text_rodata_begin = .
                0x02000120                PROVIDE (text_rodata_begin, .)
 *startup.S.o(.text)
 .text          0x02000120       0xcc ../../../../cpu/wl82/liba/cpu.a(startup.S.o)
                0x02000120                _start
                0x02000122                wait_if_breakpoint
                0x020001c0                cpu1_start
                0x020001d4                exception_irq_handler
 *(.boot_code)
 .boot_code     0x020001ec      0x298 ..\..\..\..\cpu\wl82\tools\sdk.elf.o
                0x020001ec                startup_boot_hook
                0x020001ee                boot_info_init
                0x020002fc                boot_sdram_con_config
 *(.text*)
 .text          0x02000484    0x8353a ..\..\..\..\cpu\wl82\tools\sdk.elf.o
                0x02001c74                exception_analyze
                0x02002000                sp_ovf_unen
                0x02002014                sp_ovf_en
                0x02008bf2                __errno
                0x02008db0                cpu1_main
                0x02008e80                main
                0x0200ea70                update_result_get
 .text          0x020839be        0x0 obj/Release/include_lib/btctrler/version.z.o
 .text          0x020839be        0x0 obj/Release/include_lib/btstack/version.z.o
 .text          0x020839be        0x0 obj/Release/include_lib/driver/version.z.o
 .text          0x020839be        0x0 obj/Release/include_lib/media/version.z.o
 .text          0x020839be        0x0 obj/Release/include_lib/net/version.z.o
 .text          0x020839be        0x0 obj/Release/include_lib/server/version.z.o
 .text          0x020839be        0x0 obj/Release/include_lib/system/version.z.o
 .text          0x020839be        0x0 obj/Release/include_lib/update/version.z.o
 .text          0x020839be        0x0 obj/Release/include_lib/utils/version.z.o
 .text          0x020839be        0x0 obj/Release/lib/net/version.z.o
 .text          0x020839be        0x0 obj/Release/lib/server/version.z.o
 .text          0x020839be        0x0 obj/Release/lib/utils/version.z.o
 .text          0x020839be        0x0 ../../../../cpu/wl82/liba/event.a(version.z.o)
 .text          0x020839be       0x78 ../../../../cpu/wl82/liba/system.a(port_asm.S.o)
                0x020839be                vSoftwareInterruptISR
 .text          0x02083a36        0x0 ../../../../cpu/wl82/liba/system.a(movable.S.o)
 .text          0x02083a36        0x0 ../../../../cpu/wl82/liba/system.a(version.z.o)
 .text          0x02083a36        0x0 ../../../../cpu/wl82/liba/cfg_tool.a(version.z.o)
 .text          0x02083a36        0x0 ../../../../cpu/wl82/liba/cpu.a(version.z.o)
 .text          0x02083a36        0x0 ../../../../cpu/wl82/liba/update.a(version.z.o)
 .text          0x02083a36        0x0 ../../../../cpu/wl82/liba/common_lib.a(version.z.o)
 .text          0x02083a36        0x0 ../../../../cpu/wl82/liba/wl_rf_common.a(version.z.o)
 .text          0x02083a36        0x0 ../../../../cpu/wl82/liba/fs.a(version.z.o)
 .text          0x02083a36        0x0 ../../../../cpu/wl82/liba/audio_server.a(version.z.o)
 .text          0x02083a36        0x0 ../../../../cpu/wl82/liba/libvad.a(version.z.o)
 .text          0x02083a36        0x0 ../../../../cpu/wl82/liba/net_server.a(version.z.o)
 .text          0x02083a36        0x0 ../../../../cpu/wl82/liba/video_rec_server.a(version.z.o)
 .text          0x02083a36        0x0 ../../../../cpu/wl82/liba/lwip_2_1_3_SFC.a(version.z.o)
 .text          0x02083a36        0x0 ../../../../cpu/wl82/liba/wl_wifi_sta_SFC.a(version.z.o)
 .text          0x02083a36        0x0 ../../../../cpu/wl82/liba/zliblite.a(version.z.o)
 .text          0x02083a36        0x0 ../../../../cpu/wl82/liba/profile.a(version.z.o)
 .text          0x02083a36        0x0 ../../../../cpu/wl82/liba/stream_media_server.a(version.z.o)
 .text          0x02083a36        0x0 ../../../../cpu/wl82/liba/libmbedtls_2_2_1.a(version.z.o)
 .text          0x02083a36        0x0 ../../../../cpu/wl82/liba/wolfssl.a(version.z.o)
 .text          0x02083a36        0x0 ../../../../cpu/wl82/liba/wpasupplicant.a(version.z.o)
 .text          0x02083a36        0x0 ../../../../cpu/wl82/liba/hsm.a(version.z.o)
 .text          0x02083a36        0x0 ../../../../cpu/wl82/liba/http_cli.a(version.z.o)
 .text          0x02083a36        0x0 ../../../../cpu/wl82/liba/http_server.a(version.z.o)
 .text          0x02083a36        0x0 ../../../../cpu/wl82/liba/json.a(version.z.o)
 .text          0x02083a36        0x0 ../../../../cpu/wl82/liba/libduer-device.a(version.z.o)
 .text          0x02083a36        0x0 ../../../../cpu/wl82/liba/network_download.a(version.z.o)
 .text          0x02083a36        0x0 ../../../../cpu/wl82/liba/lib_mqtt.a(version.z.o)
 .text          0x02083a36        0x0 ../../../../cpu/wl82/liba/libturing.a(version.z.o)
 .text          0x02083a36        0x0 ../../../../cpu/wl82/liba/libdui.a(version.z.o)
 .text          0x02083a36        0x0 ../../../../cpu/wl82/liba/libJlCloud.a(version.z.o)
 .text          0x02083a36        0x0 ../../../../cpu/wl82/liba/libecho_cloud.a(version.z.o)
 .text          0x02083a36        0x0 ../../../../cpu/wl82/liba/libmpeg.a(version.z.o)
 .text          0x02083a36        0x0 ../../../../cpu/wl82/liba/libdcl.a(version.z.o)
 .text          0x02083a36        0x0 ../../../../cpu/wl82/liba/libdlna.a(version.z.o)
 .text          0x02083a36        0x0 ../../../../cpu/wl82/liba/libwt.a(version.z.o)
 .text          0x02083a36        0x0 ../../../../cpu/wl82/liba/libtencent.a(version.z.o)
 .text          0x02083a36        0x0 ../../../../cpu/wl82/liba/websocket.a(version.z.o)
 .text          0x02083a36        0x0 ../../../../cpu/wl82/liba/iperf.a(version.z.o)
 .text          0x02083a36        0x0 ../../../../cpu/wl82/liba/tmallgenie_todo.a(version.z.o)
 .text          0x02083a36        0x0 ../../../../cpu/wl82/liba/cJSON.a(version.z.o)
 .text          0x02083a36        0x0 ../../../../cpu/wl82/liba/ftpserver_new.a(version.z.o)
 .text          0x02083a36        0x0 ../../../../cpu/wl82/liba/btctrler.a(version.z.o)
 .text          0x02083a36        0x0 ../../../../cpu/wl82/liba/btstack.a(version.z.o)
 .text          0x02083a36        0x0 ../../../../cpu/wl82/liba/lib_ccm_aes.a(version.z.o)
 .text          0x02083a36        0x0 ../../../../cpu/wl82/liba/lib_sig_mesh.a(version.z.o)
 .text          0x02083a36        0x0 ../../../../cpu/wl82/liba/crypto_toolbox_Osize.a(version.z.o)
 .text          0x02083a36        0x0 ../../../../cpu/wl82/liba/video_dec_server.a(version.z.o)
 .text          0x02083a36        0x0 ../../../../cpu/wl82/liba/ui.a(version.z.o)
 .text          0x02083a36        0x0 ../../../../cpu/wl82/liba/res.a(version.z.o)
 .text          0x02083a36        0x0 ../../../../cpu/wl82/liba/font.a(version.z.o)
 .text          0x02083a36        0x0 ../../../../cpu/wl82/liba/ui_draw.a(version.z.o)
 .text          0x02083a36      0x10c C:\JL\pi32\pi32v2-lib\r3\libm.a(lib_a-s_ceil.o)
                0x02083a36                ceil
 .text          0x02083b42       0x62 C:\JL\pi32\pi32v2-lib\r3\libm.a(lib_a-s_fpclassify.o)
                0x02083b42                __fpclassifyd
 .text          0x02083ba4       0x8e C:\JL\pi32\pi32v2-lib\r3\libm.a(lib_a-s_modf.o)
                0x02083ba4                modf
 .text          0x02083c32       0x10 C:\JL\pi32\pi32v2-lib\r3\libc.a(lib_a-atoi.o)
                0x02083c32                atoi
                0x02083c3a                _atoi_r
 .text          0x02083c42       0x40 C:\JL\pi32\pi32v2-lib\r3\libc.a(lib_a-bsearch.o)
                0x02083c42                bsearch
 .text          0x02083c82        0x0 C:\JL\pi32\pi32v2-lib\r3\libc.a(lib_a-ctype_.o)
 .text          0x02083c82        0x0 C:\JL\pi32\pi32v2-lib\r3\libc.a(lib_a-impure.o)
 .text          0x02083c82       0x1a C:\JL\pi32\pi32v2-lib\r3\libc.a(lib_a-islower.o)
                0x02083c82                islower
 .text          0x02083c9c       0x12 C:\JL\pi32\pi32v2-lib\r3\libc.a(lib_a-isspace.o)
                0x02083c9c                isspace
 .text          0x02083cae       0x18 C:\JL\pi32\pi32v2-lib\r3\libc.a(lib_a-memchr.o)
                0x02083cae                memchr
 .text          0x02083cc6       0x38 C:\JL\pi32\pi32v2-lib\r3\libc.a(lib_a-memcmp.o)
                0x02083cc6                memcmp
 .text          0x02083cfe       0x2c C:\JL\pi32\pi32v2-lib\r3\libc.a(lib_a-memset.o)
                0x02083cfe                memset
 .text          0x02083d2a      0x2ae C:\JL\pi32\pi32v2-lib\r3\libc.a(lib_a-qsort.o)
                0x02083d94                qsort
 .text          0x02083fd8       0x3e C:\JL\pi32\pi32v2-lib\r3\libc.a(lib_a-strcasecmp.o)
                0x02083fd8                strcasecmp
 .text          0x02084016       0x18 C:\JL\pi32\pi32v2-lib\r3\libc.a(lib_a-strcat.o)
                0x02084016                strcat
 .text          0x0208402e       0x14 C:\JL\pi32\pi32v2-lib\r3\libc.a(lib_a-strchr.o)
                0x0208402e                strchr
 .text          0x02084042       0xa0 C:\JL\pi32\pi32v2-lib\r3\libc.a(lib_a-strcmp.o)
                0x02084042                strcmp
 .text          0x020840e2       0x6e C:\JL\pi32\pi32v2-lib\r3\libc.a(lib_a-strcpy.o)
                0x020840e2                strcpy
 .text          0x02084150        0xc C:\JL\pi32\pi32v2-lib\r3\libc.a(lib_a-strlen.o)
                0x02084150                strlen
 .text          0x0208415c       0x46 C:\JL\pi32\pi32v2-lib\r3\libc.a(lib_a-strncasecmp.o)
                0x0208415c                strncasecmp
 .text          0x020841a2       0x26 C:\JL\pi32\pi32v2-lib\r3\libc.a(lib_a-strncat.o)
                0x020841a2                strncat
 .text          0x020841c8       0x1a C:\JL\pi32\pi32v2-lib\r3\libc.a(lib_a-strncmp.o)
                0x020841c8                strncmp
 .text          0x020841e2       0x26 C:\JL\pi32\pi32v2-lib\r3\libc.a(lib_a-strncpy.o)
                0x020841e2                strncpy
 .text          0x02084208       0x14 C:\JL\pi32\pi32v2-lib\r3\libc.a(lib_a-strnlen.o)
                0x02084208                strnlen
 .text          0x0208421c       0x36 C:\JL\pi32\pi32v2-lib\r3\libc.a(lib_a-strpbrk.o)
                0x0208421c                strpbrk
 .text          0x02084252       0x24 C:\JL\pi32\pi32v2-lib\r3\libc.a(lib_a-strrchr.o)
                0x02084252                strrchr
 .text          0x02084276        0xa C:\JL\pi32\pi32v2-lib\r3\libc.a(lib_a-strsep.o)
                0x02084276                strsep
 .text          0x02084280       0x24 C:\JL\pi32\pi32v2-lib\r3\libc.a(lib_a-strspn.o)
                0x02084280                strspn
 .text          0x020842a4       0x2a C:\JL\pi32\pi32v2-lib\r3\libc.a(lib_a-strstr.o)
                0x020842a4                strstr
 .text          0x020842ce       0x54 C:\JL\pi32\pi32v2-lib\r3\libc.a(lib_a-strtok_r.o)
                0x020842ce                __strtok_r
                0x0208431e                strtok_r
 .text          0x02084322       0x1a C:\JL\pi32\pi32v2-lib\r3\libc.a(lib_a-strtoll.o)
                0x02084322                strtoll
 .text          0x0208433c      0x15c C:\JL\pi32\pi32v2-lib\r3\libc.a(lib_a-strtoll_r.o)
                0x0208433c                _strtoll_r
 .text          0x02084498      0x108 C:\JL\pi32\pi32v2-lib\r3\libc.a(lib_a-strtol.o)
                0x02084498                _strtol_r
                0x02084588                strtol
 .text          0x020845a0       0xfe C:\JL\pi32\pi32v2-lib\r3\libc.a(lib_a-strtoul.o)
                0x020845a0                _strtoul_r
                0x02084686                strtoul
 .text          0x0208469e       0x1e C:\JL\pi32\pi32v2-lib\r3\libc.a(lib_a-tolower.o)
                0x0208469e                tolower
 .text          0x020846bc      0x314 C:\JL\pi32\pi32v2-lib\r3\libcompiler-rt.a(adddf3.o)
                0x020846fc                __adddf3
 .text          0x020849d0      0x1a0 C:\JL\pi32\pi32v2-lib\r3\libcompiler-rt.a(comparedf2.o)
                0x020849d0                __ledf2
                0x020849d0                __cmpdf2
                0x02084a80                __gedf2
                0x02084b28                __unorddf2
                0x02084b68                __eqdf2
                0x02084b6a                __ltdf2
                0x02084b6c                __nedf2
                0x02084b6e                __gtdf2
 .text          0x02084b70        0x6 C:\JL\pi32\pi32v2-lib\r3\libcompiler-rt.a(subdf3.o)
                0x02084b70                __subdf3
 .text          0x02084b76       0x10 C:\JL\pi32\pi32v2-lib\r3\libcompiler-rt.a(udivdi3.o)
                0x02084b76                __udivdi3
 .text          0x02084b86      0x226 C:\JL\pi32\pi32v2-lib\r3\libcompiler-rt.a(udivmoddi4.o)
                0x02084b86                __udivmoddi4
 .text          0x02084dac       0x14 C:\JL\pi32\pi32v2-lib\r3\libcompiler-rt.a(umoddi3.o)
                0x02084dac                __umoddi3
 .text          0x02084dc0       0xc2 C:\JL\pi32\pi32v2-lib\r3\libc.a(lib_a-memcpy.o)
                0x02084dc0                memcpy
                0x02084dc0                memmove
 .text          0x02084e82      0x346 C:\JL\pi32\pi32v2-lib\r3\libcompiler-rt.a(divdf3.o)
                0x02084eb8                __divdf3
 .text          0x020851c8       0x7a C:\JL\pi32\pi32v2-lib\r3\libcompiler-rt.a(extendsfdf2.o)
                0x020851c8                __extendsfdf2
 .text          0x02085242       0x54 C:\JL\pi32\pi32v2-lib\r3\libcompiler-rt.a(fixdfsi.o)
                0x02085242                __fixdfsi
 .text          0x02085296       0x4c C:\JL\pi32\pi32v2-lib\r3\libcompiler-rt.a(floatsidf.o)
                0x02085296                __floatsidf
 .text          0x020852e2       0x34 C:\JL\pi32\pi32v2-lib\r3\libcompiler-rt.a(floatunsidf.o)
                0x020852e2                __floatunsidf
 .text          0x02085316      0x2fa C:\JL\pi32\pi32v2-lib\r3\libcompiler-rt.a(muldf3.o)
                0x0208534c                __muldf3
 *(.LOG_TAG_CONST*)
 *(.rodata*)
 .rodata.str1.16
                0x02085610     0x3150 ..\..\..\..\cpu\wl82\tools\sdk.elf.o
                               0x3147 (size before relaxing)
 .rodata.str1.1
                0x02088760     0x2770 ..\..\..\..\cpu\wl82\tools\sdk.elf.o
                               0x27f0 (size before relaxing)
 *fill*         0x0208aed0       0x10 
 .rodata        0x0208aee0    0x21250 ..\..\..\..\cpu\wl82\tools\sdk.elf.o
 .rodata.cst32  0x020ac130       0x80 ..\..\..\..\cpu\wl82\tools\sdk.elf.o
 .rodata.cst16  0x020ac1b0       0x40 ..\..\..\..\cpu\wl82\tools\sdk.elf.o
 .rodata.cst8   0x020ac1f0       0x10 ..\..\..\..\cpu\wl82\tools\sdk.elf.o
 .rodata        0x020ac200      0x281 C:\JL\pi32\pi32v2-lib\r3\libc.a(lib_a-ctype_.o)
                0x020ac380                _ctype_
 *fill*         0x020ac481        0x3 
 .rodata        0x020ac484        0x4 C:\JL\pi32\pi32v2-lib\r3\libc.a(lib_a-impure.o)
                0x020ac484                _global_impure_ptr
 .rodata.str1.1
                0x020ac488        0x0 C:\JL\pi32\pi32v2-lib\r3\libc.a(lib_a-impure.o)
                                  0x2 (size before relaxing)
 *(.fat_data_code)
 .fat_data_code
                0x020ac488      0x9b4 ..\..\..\..\cpu\wl82\tools\sdk.elf.o
 *(.dlmalloc_code)
 .dlmalloc_code
                0x020ace3c     0x24e0 ..\..\..\..\cpu\wl82\tools\sdk.elf.o
                0x020af2fe                memory_init
 *(.dlmalloc_const)
 *(.mem_heap_code)
 *(.mem_heap_const)
                0x020af31c                _os_begin = .
                [!provide]                PROVIDE (os_begin, .)
 *(.os_code)
 .os_code       0x020af31c     0x4964 ..\..\..\..\cpu\wl82\tools\sdk.elf.o
                0x020b32e2                OS_ClrPending
 *(.os_const)
 *(.os_str)
 .os_str        0x020b3c80      0x94b ..\..\..\..\cpu\wl82\tools\sdk.elf.o
 *(.os_critical_code)
 *fill*         0x020b45cb        0x1 
 .os_critical_code
                0x020b45cc      0x108 ..\..\..\..\cpu\wl82\tools\sdk.elf.o
                0x020b45cc                jiffies_half_msec
                0x020b4624                jiffies_msec
                0x020b462c                os_current_task
 *(.os_port_code)
 *(.os_port_const)
                0x020b46d4                _os_end = .
                [!provide]                PROVIDE (os_end, .)
                0x020b46d4                . = ALIGN (0x4)
                0x020b46d4                __VERSION_BEGIN = .
 *(.sys.version)
 .sys.version   0x020b46d4       0x1a obj/Release/include_lib/btctrler/version.z.o
 .sys.version   0x020b46ee       0x19 obj/Release/include_lib/btstack/version.z.o
                0x020b46ee                include_lib_btstack_version
 .sys.version   0x020b4707       0x18 obj/Release/include_lib/driver/version.z.o
                0x020b4707                include_lib_driver_version
 .sys.version   0x020b471f       0x17 obj/Release/include_lib/media/version.z.o
                0x020b471f                include_lib_media_version
 .sys.version   0x020b4736       0x15 obj/Release/include_lib/net/version.z.o
                0x020b4736                include_lib_net_version
 .sys.version   0x020b474b       0x18 obj/Release/include_lib/server/version.z.o
                0x020b474b                include_lib_server_version
 .sys.version   0x020b4763       0x18 obj/Release/include_lib/system/version.z.o
                0x020b4763                include_lib_system_version
 .sys.version   0x020b477b       0x18 obj/Release/include_lib/update/version.z.o
                0x020b477b                include_lib_update_version
 .sys.version   0x020b4793       0x17 obj/Release/include_lib/utils/version.z.o
                0x020b4793                include_lib_utils_version
 .sys.version   0x020b47aa        0xd obj/Release/lib/net/version.z.o
                0x020b47aa                lib_net_version
 .sys.version   0x020b47b7       0x10 obj/Release/lib/server/version.z.o
                0x020b47b7                lib_server_version
 .sys.version   0x020b47c7        0xf obj/Release/lib/utils/version.z.o
                0x020b47c7                lib_utils_version
 .sys.version   0x020b47d6        0x0 ../../../../cpu/wl82/liba/event.a(version.z.o)
                0x020b47d6                lib_event_version
 .sys.version   0x020b47d6       0x10 ../../../../cpu/wl82/liba/system.a(version.z.o)
                0x020b47d6                lib_system_version
 .sys.version   0x020b47e6        0x0 ../../../../cpu/wl82/liba/cfg_tool.a(version.z.o)
                0x020b47e6                lib_cfg_tool_version
 .sys.version   0x020b47e6       0x10 ../../../../cpu/wl82/liba/cpu.a(version.z.o)
                0x020b47e6                lib_driver_version
 .sys.version   0x020b47f6       0x10 ../../../../cpu/wl82/liba/update.a(version.z.o)
                0x020b47f6                lib_update_version
 .sys.version   0x020b4806        0x0 ../../../../cpu/wl82/liba/common_lib.a(version.z.o)
                0x020b4806                lib_common_version
 .sys.version   0x020b4806        0x0 ../../../../cpu/wl82/liba/wl_rf_common.a(version.z.o)
                0x020b4806                lib_wl82_rf_version
 .sys.version   0x020b4806        0x0 ../../../../cpu/wl82/liba/fs.a(version.z.o)
                0x020b4806                lib_fs_version
 .sys.version   0x020b4806        0x0 ../../../../cpu/wl82/liba/audio_server.a(version.z.o)
                0x020b4806                lib_audio_server_version
 .sys.version   0x020b4806        0x0 ../../../../cpu/wl82/liba/libvad.a(version.z.o)
                0x020b4806                lib_device_vad_version
 .sys.version   0x020b4806        0x0 ../../../../cpu/wl82/liba/net_server.a(version.z.o)
                0x020b4806                lib_net_server_version
 .sys.version   0x020b4806        0x0 ../../../../cpu/wl82/liba/video_rec_server.a(version.z.o)
                0x020b4806                lib_video_rec_version
 .sys.version   0x020b4806        0x0 ../../../../cpu/wl82/liba/lwip_2_1_3_SFC.a(version.z.o)
                0x020b4806                lib_lwip_2_1_3_version
 .sys.version   0x020b4806        0x0 ../../../../cpu/wl82/liba/wl_wifi_sta_SFC.a(version.z.o)
                0x020b4806                lib_wifi_version
 .sys.version   0x020b4806        0x0 ../../../../cpu/wl82/liba/zliblite.a(version.z.o)
                0x020b4806                lib_zliblite_version
 .sys.version   0x020b4806        0x0 ../../../../cpu/wl82/liba/profile.a(version.z.o)
                0x020b4806                lib_profile_version
 .sys.version   0x020b4806        0x0 ../../../../cpu/wl82/liba/stream_media_server.a(version.z.o)
                0x020b4806                lib_media_server_version
 .sys.version   0x020b4806        0x0 ../../../../cpu/wl82/liba/libmbedtls_2_2_1.a(version.z.o)
                0x020b4806                lib_mbedtls_2_2_1_version
 .sys.version   0x020b4806        0x0 ../../../../cpu/wl82/liba/wolfssl.a(version.z.o)
                0x020b4806                lib_wolfssl_version
 .sys.version   0x020b4806        0x0 ../../../../cpu/wl82/liba/wpasupplicant.a(version.z.o)
                0x020b4806                lib_wpa_supplicant_version
 .sys.version   0x020b4806        0x0 ../../../../cpu/wl82/liba/hsm.a(version.z.o)
                0x020b4806                lib_hsm_version
 .sys.version   0x020b4806        0x0 ../../../../cpu/wl82/liba/http_cli.a(version.z.o)
                0x020b4806                lib_httpcli_version
 .sys.version   0x020b4806        0x0 ../../../../cpu/wl82/liba/http_server.a(version.z.o)
                0x020b4806                lib_http_server_version
 .sys.version   0x020b4806        0x0 ../../../../cpu/wl82/liba/json.a(version.z.o)
                0x020b4806                lib_json_c_version
 .sys.version   0x020b4806        0x0 ../../../../cpu/wl82/liba/libduer-device.a(version.z.o)
                0x020b4806                lib_duer_version
 .sys.version   0x020b4806        0x0 ../../../../cpu/wl82/liba/network_download.a(version.z.o)
                0x020b4806                lib_network_download_version
 .sys.version   0x020b4806        0x0 ../../../../cpu/wl82/liba/lib_mqtt.a(version.z.o)
                0x020b4806                lib_mqtt_version
 .sys.version   0x020b4806        0x0 ../../../../cpu/wl82/liba/libturing.a(version.z.o)
                0x020b4806                lib_turing_version
 .sys.version   0x020b4806        0x0 ../../../../cpu/wl82/liba/libdui.a(version.z.o)
                0x020b4806                lib_dui_version
 .sys.version   0x020b4806        0x0 ../../../../cpu/wl82/liba/libJlCloud.a(version.z.o)
                0x020b4806                lib_jl_cloud_version
 .sys.version   0x020b4806        0x0 ../../../../cpu/wl82/liba/libecho_cloud.a(version.z.o)
                0x020b4806                lib_echocloud_version
 .sys.version   0x020b4806        0x0 ../../../../cpu/wl82/liba/libmpeg.a(version.z.o)
                0x020b4806                lib_mpeg_version
 .sys.version   0x020b4806        0x0 ../../../../cpu/wl82/liba/libdcl.a(version.z.o)
                0x020b4806                lib_dcl_version
 .sys.version   0x020b4806        0x0 ../../../../cpu/wl82/liba/libdlna.a(version.z.o)
                0x020b4806                lib_dlna_version
 .sys.version   0x020b4806        0x0 ../../../../cpu/wl82/liba/libwt.a(version.z.o)
                0x020b4806                lib_wt_version
 .sys.version   0x020b4806        0x0 ../../../../cpu/wl82/liba/libtencent.a(version.z.o)
                0x020b4806                lib_tencent_version
 .sys.version   0x020b4806        0x0 ../../../../cpu/wl82/liba/websocket.a(version.z.o)
                0x020b4806                lib_websocket_version
 .sys.version   0x020b4806        0x0 ../../../../cpu/wl82/liba/iperf.a(version.z.o)
                0x020b4806                lib_iperf_version
 .sys.version   0x020b4806        0x0 ../../../../cpu/wl82/liba/tmallgenie_todo.a(version.z.o)
                0x020b4806                lib_tmallgenie_version
 .sys.version   0x020b4806        0x0 ../../../../cpu/wl82/liba/cJSON.a(version.z.o)
                0x020b4806                lib_cjson_version
 .sys.version   0x020b4806        0x0 ../../../../cpu/wl82/liba/ftpserver_new.a(version.z.o)
                0x020b4806                lib_ftpserver_version
 .sys.version   0x020b4806       0x12 ../../../../cpu/wl82/liba/btctrler.a(version.z.o)
                0x020b4806                lib_btctler_version
 .sys.version   0x020b4818       0x11 ../../../../cpu/wl82/liba/btstack.a(version.z.o)
                0x020b4818                lib_btstack_version
 .sys.version   0x020b4829        0x0 ../../../../cpu/wl82/liba/lib_ccm_aes.a(version.z.o)
                0x020b4829                lib_crcm_version
 .sys.version   0x020b4829        0x0 ../../../../cpu/wl82/liba/lib_sig_mesh.a(version.z.o)
                0x020b4829                lib_btmesh_version
 .sys.version   0x020b4829        0x0 ../../../../cpu/wl82/liba/crypto_toolbox_Osize.a(version.z.o)
                0x020b4829                lib_cryto_toolbox_version
 .sys.version   0x020b4829        0x0 ../../../../cpu/wl82/liba/video_dec_server.a(version.z.o)
                0x020b4829                lib_video_dec_version
 .sys.version   0x020b4829        0x0 ../../../../cpu/wl82/liba/ui.a(version.z.o)
                0x020b4829                lib_ui_version
 .sys.version   0x020b4829        0x0 ../../../../cpu/wl82/liba/res.a(version.z.o)
                0x020b4829                lib_res_version
 .sys.version   0x020b4829        0x0 ../../../../cpu/wl82/liba/font.a(version.z.o)
                0x020b4829                lib_font_version
 .sys.version   0x020b4829        0x0 ../../../../cpu/wl82/liba/ui_draw.a(version.z.o)
                0x020b4829                lib_ui_draw_version
                0x020b4829                __VERSION_END = .
 *(.jlsp_code)
                0x020b482c                . = ALIGN (0x4)
 *fill*         0x020b4829        0x3 
 *(.jlsp_const)
                0x020b482c                . = ALIGN (0x4)
                0x020b482c                btctler_code_start = .
                0x020b482c                BTCTLER_CONTROLLER_CODE_START = .
 *(.bt_rf_const)
 .bt_rf_const   0x020b482c      0x240 ..\..\..\..\cpu\wl82\tools\sdk.elf.o
 *(.bt_rf_code)
 .bt_rf_code    0x020b4a6c      0x484 ..\..\..\..\cpu\wl82\tools\sdk.elf.o
 *(.vendor_manager_const)
 *(.vendor_manager_code)
 *(.device_manager_const)
 *(.device_manager_code)
 *(.hci_controller_const)
 .hci_controller_const
                0x020b4ef0       0x28 ..\..\..\..\cpu\wl82\tools\sdk.elf.o
 *(.hci_controller_code)
 .hci_controller_code
                0x020b4f18      0x9c0 ..\..\..\..\cpu\wl82\tools\sdk.elf.o
 *(.hci_interface_const)
 *(.hci_interface_code)
                0x000010ac                BTCTLER_CONTROLLER_CODE_SIZE = ABSOLUTE ((. - BTCTLER_CONTROLLER_CODE_START))
                0x020b58d8                BTCTLER_LE_CONTROLLER_CODE_START = .
 *(.ble_rf_const)
 .ble_rf_const  0x020b58d8       0x28 ..\..\..\..\cpu\wl82\tools\sdk.elf.o
 *(.ble_rf_code)
 .ble_rf_code   0x020b5900     0x3250 ..\..\..\..\cpu\wl82\tools\sdk.elf.o
 *(.ble_ll_const)
 .ble_ll_const  0x020b8b50       0xf0 ..\..\..\..\cpu\wl82\tools\sdk.elf.o
 *(.ble_ll_code)
 .ble_ll_code   0x020b8c40     0x44d0 ..\..\..\..\cpu\wl82\tools\sdk.elf.o
 *(.ble_hci_const)
 .ble_hci_const
                0x020bd110       0x19 ..\..\..\..\cpu\wl82\tools\sdk.elf.o
 *(.ble_hci_code)
 *fill*         0x020bd129        0x1 
 .ble_hci_code  0x020bd12a      0x770 ..\..\..\..\cpu\wl82\tools\sdk.elf.o
                0x00007fc2                BTCTLER_LE_CONTROLLER_CODE_SIZE = ABSOLUTE ((. - BTCTLER_LE_CONTROLLER_CODE_START))
                0x020bd89a                BTCTLER_CL_CODE_START = .
 *(.bredr_irq)
 *(.bredr_irq_code)
 *(.bredr_irq_const)
 *(.classic_lmp_const)
 .classic_lmp_const
                0x020bd89a       0x14 ..\..\..\..\cpu\wl82\tools\sdk.elf.o
 *(.classic_lmp_linkbulk_const)
 *(.classic_lmp_code)
 .classic_lmp_code
                0x020bd8ae     0x9650 ..\..\..\..\cpu\wl82\tools\sdk.elf.o
 *(.classic_lmp_linkbulk_code)
 *(.classic_hci_const)
 *(.classic_hci_code)
                0x020c6efe                LMP_ENC_CODE_START = .
 *(.classic_lmp_auth_const)
 .classic_lmp_auth_const
                0x020c6efe      0x4f0 ..\..\..\..\cpu\wl82\tools\sdk.elf.o
 *(.classic_lmp_bigint_const)
 *(.classic_lmp_crypt_const)
 *(.classic_lmp_ecdh_const)
 *(.classic_lmp_hmac_const)
 *(.classic_lmp_auth_code)
 .classic_lmp_auth_code
                0x020c73ee      0x75a ..\..\..\..\cpu\wl82\tools\sdk.elf.o
 *(.classic_lmp_bigint_code)
 *(.classic_lmp_crypt_code)
 *(.classic_lmp_ecdh_code)
 *(.classic_lmp_hmac_code)
                0x00000c4a                LMP_ENC_CODE_SIZE = ABSOLUTE ((. - LMP_ENC_CODE_START))
 *(.classic_rf_const)
 .classic_rf_const
                0x020c7b48      0x739 ..\..\..\..\cpu\wl82\tools\sdk.elf.o
 *(.classic_rf_code)
 *fill*         0x020c8281        0x1 
 .classic_rf_code
                0x020c8282     0x5e48 ..\..\..\..\cpu\wl82\tools\sdk.elf.o
 *(.classic_bb_const)
 *(.classic_bb_code)
                0x00010830                BTCTLER_CL_CODE_SIZE = ABSOLUTE ((. - BTCTLER_CL_CODE_START))
                0x020ce0cc                . = ALIGN (0x4)
 *fill*         0x020ce0ca        0x2 
 *(.classic_tws_const)
 *(.classic_tws_code)
 .classic_tws_code
                0x020ce0cc        0x4 ..\..\..\..\cpu\wl82\tools\sdk.elf.o
 *(.classic_tws_code.esco)
 *(.tws_media_sync_code)
 *(.tws_media_sync_const)
 *(.tws_data_forward_code)
 *(.tws_data_forward_const)
                0x020ce0d0                . = ALIGN (0x4)
                0x020ce0d0                tws_func_stub_begin = .
 *(.tws_func_stub)
 .tws_func_stub
                0x020ce0d0        0x8 ..\..\..\..\cpu\wl82\tools\sdk.elf.o
                0x020ce0d8                tws_func_stub_end = .
 *(.lmp_irq_code)
 .lmp_irq_code  0x020ce0d8      0x2be ..\..\..\..\cpu\wl82\tools\sdk.elf.o
 *(.link_bulk_code)
 .link_bulk_code
                0x020ce396      0x736 ..\..\..\..\cpu\wl82\tools\sdk.elf.o
 *(.frame_irq_code)
                0x020ceacc                . = ALIGN (0x4)
 *(.link_task_const)
 .link_task_const
                0x020ceacc        0x8 ..\..\..\..\cpu\wl82\tools\sdk.elf.o
 *(.link_task_code)
 .link_task_code
                0x020cead4      0xd82 ..\..\..\..\cpu\wl82\tools\sdk.elf.o
                0x020cf858                . = ALIGN (0x4)
 *fill*         0x020cf856        0x2 
 *(.classic_irq_const)
 *(.classic_irq_code)
                0x020cf858                . = ALIGN (0x4)
 *(.tws_irq_code)
                0x020cf858                . = ALIGN (0x4)
                0x020cf858                tws_sync_call_begin = .
 *(.tws_sync_call)
                0x020cf858                tws_sync_call_end = .
                0x020cf858                . = ALIGN (0x4)
                0x020cf858                tws_sync_channel_begin = .
 *(.tws_sync_channel.0)
 *(.tws_sync_channel.1)
 *(.tws_sync_channel.2)
 *(.tws_sync_channel.3)
 *(.tws_sync_channel.4)
 *(.tws_sync_channel.5)
 *(.tws_sync_channel.6)
 *(.tws_sync_channel.7)
 *(.tws_sync_channel.8)
 *(.tws_sync_channel.9)
 *(.tws_sync_channel.10)
 *(.tws_sync_channel.11)
 *(.tws_sync_channel.12)
 *(.tws_sync_channel.13)
                0x020cf858                tws_sync_channel_end = .
                0x020cf858                btctler_code_end = .
                0x020cf858                . = ALIGN (0x4)
                0x020cf858                . = ALIGN (0x4)
                0x020cf858                btstack_code_start = .
                0x020cf858                . = ALIGN (0x4)
                0x020cf858                a2dp_source_media_codec_begin = .
 *(.a2dp_source_media_codec)
 .a2dp_source_media_codec
                0x020cf858       0x30 ..\..\..\..\cpu\wl82\tools\sdk.elf.o
                0x020cf858                a2dp_source_lc3_codec
                0x020cf870                a2dp_source_sbc_codec
                0x020cf888                a2dp_source_media_codec_end = .
                0x020cf888                a2dp_sink_media_probe_begin = .
 *(.a2dp_sink_media_probe)
                0x020cf888                a2dp_sink_media_probe_end = .
                0x020cf888                a2dp_sink_media_codec_begin = .
 *(.a2dp_sink_media_codec)
 .a2dp_sink_media_codec
                0x020cf888       0x30 ..\..\..\..\cpu\wl82\tools\sdk.elf.o
                0x020cf888                a2dp_1sbc_codec_private
                0x020cf8a0                a2dp_2aac_sink_codec
                0x020cf8b8                a2dp_sink_media_codec_end = .
                0x020cf8b8                a2dp_event_handler_begin = .
 *(.a2dp_event_handler)
 .a2dp_event_handler
                0x020cf8b8       0x70 ..\..\..\..\cpu\wl82\tools\sdk.elf.o
                0x020cf8b8                a2dp_sink_event_handler
                0x020cf8d4                a2dp_source_event_handler
                0x020cf8f0                acp_a2dp_event_handler
                0x020cf90c                acp_a2dp_src_event_handler
                0x020cf928                a2dp_event_handler_end = .
                0x020cf928                sdp_record_item_begin = .
 *(.sdp_record_item)
 .sdp_record_item
                0x020cf928       0x18 ..\..\..\..\cpu\wl82\tools\sdk.elf.o
                0x020cf928                spp_sdp_record_item
                0x020cf934                spp_user_sdp_record_item
                0x020cf940                sdp_record_item_end = .
                0x020cf940                bt_sleep_begin = .
 *(.bt_sleep)
 .bt_sleep      0x020cf940       0x6c ..\..\..\..\cpu\wl82\tools\sdk.elf.o
                0x020cf940                bt_suspend_a2dp_resumea2dp_release
                0x020cf94c                bt_suspend_avctp_resumeavctp_release
                0x020cf958                bt_suspend_hfp_resumehfp_release
                0x020cf964                bt_suspend_hid_resumehid_release
                0x020cf970                bt_suspend_spp_resumespp_release
                0x020cf97c                bt_suspend_iap_resumeiap_release
                0x020cf988                bt_suspend_sdp_resumesdp_release
                0x020cf994                bt_suspend_user_cmd_loop_resumeuser_cmd_loop_release
                0x020cf9a0                bt_suspend_spp_up_resumespp_up_release
                0x020cf9ac                bt_sleep_end = .
 *(.bt_stack_const)
 .bt_stack_const
                0x020cf9ac      0x2c0 ..\..\..\..\cpu\wl82\tools\sdk.elf.o
 *(.bt_stack_code)
 .bt_stack_code
                0x020cfc6c     0xa12e ..\..\..\..\cpu\wl82\tools\sdk.elf.o
 *(.ble_db_const)
 *(.ble_db_code)
 .ble_db_code   0x020d9d9a      0x1c6 ..\..\..\..\cpu\wl82\tools\sdk.elf.o
 *(.ble_sm_const)
 .ble_sm_const  0x020d9f60       0x73 ..\..\..\..\cpu\wl82\tools\sdk.elf.o
 *(.ble_sm_code)
 *fill*         0x020d9fd3        0x1 
 .ble_sm_code   0x020d9fd4     0x2192 ..\..\..\..\cpu\wl82\tools\sdk.elf.o
 *(.ble_att_const)
 .ble_att_const
                0x020dc166       0x17 ..\..\..\..\cpu\wl82\tools\sdk.elf.o
 *(.ble_att_code)
 *fill*         0x020dc17d        0x1 
 .ble_att_code  0x020dc17e      0x7be ..\..\..\..\cpu\wl82\tools\sdk.elf.o
 *(.ble_gatt_const)
 *(.ble_gatt_code)
 .ble_gatt_code
                0x020dc93c      0xafc ..\..\..\..\cpu\wl82\tools\sdk.elf.o
                0x020dd438                BTSTACK_LE_HOST_MESH_CODE_START = .
 *(.ble_mesh_code)
 *(.ble_mesh_tinycrypt_code)
 *(.ble_mesh_const)
 *(.ble_mesh_tinycrypt_const)
                0x00000000                BTSTACK_LE_HOST_MESH_CODE_SIZE = ABSOLUTE ((. - BTSTACK_LE_HOST_MESH_CODE_START))
                0x020dd438                btstack_code_end = .
                0x020dd438                . = ALIGN (0x4)
                0x0000dbe0                BTSTACK_CODE_TOTAL_SIZE = (btstack_code_end - btstack_code_start)
                0x020dd438                . = ALIGN (0x4)
 *(.sbc_eng_code)
 .sbc_eng_code  0x020dd438       0xc4 ..\..\..\..\cpu\wl82\tools\sdk.elf.o
                0x020dd4fc                . = ALIGN (0x4)
 *(.h4_const)
                0x020dd4fc                . = ALIGN (0x4)
                0x020dd4fc                crypto_begin = .
 *(.crypto_ecdh_code)
 *(.crypto_ecdh_const)
 *(.crypto_bigint_code)
 .crypto_bigint_code
                0x020dd4fc      0x42c ..\..\..\..\cpu\wl82\tools\sdk.elf.o
 *(.crypto_bigint_const)
 *(.crypto_code)
 .crypto_code   0x020dd928      0x42e ..\..\..\..\cpu\wl82\tools\sdk.elf.o
 *(.crypto_const)
 *fill*         0x020ddd56        0x2 
 .crypto_const  0x020ddd58      0x171 ..\..\..\..\cpu\wl82\tools\sdk.elf.o
 *(.ECDH_sample_code)
 *(.ECDH_sample_const)
 *(.uECC_code)
 *fill*         0x020ddec9        0x1 
 .uECC_code     0x020ddeca      0xc16 ..\..\..\..\cpu\wl82\tools\sdk.elf.o
 *(.uECC_const)
 .uECC_const    0x020deae0       0xb0 ..\..\..\..\cpu\wl82\tools\sdk.elf.o
 *(.hmac_code)
 .hmac_code     0x020deb90      0x41c ..\..\..\..\cpu\wl82\tools\sdk.elf.o
 *(.hmac_const)
 *(.hash_sample_code)
 *(.hash_sample_const)
 *(.aes_cmac_sample_code)
 *(.aes_cmac_sample_const)
                0x020defac                crypto_end = .
                0x00001ab0                crypto_size = (. - crypto_begin)
                0x020defac                . = ALIGN (0x4)
 *(.update_const)
 .update_const  0x020defac      0x136 ..\..\..\..\cpu\wl82\tools\sdk.elf.o
 *(.update_code)
 .update_code   0x020df0e2     0x1178 ..\..\..\..\cpu\wl82\tools\sdk.elf.o
 *(.bt_updata_ram_code)
                0x020e025c                . = ALIGN (0x4)
 *fill*         0x020e025a        0x2 
                0x020e025c                _vfs_ops_begin = .
                0x020e025c                PROVIDE (vfs_ops_begin, .)
 *(.vfs_operations)
 .vfs_operations
                0x020e025c      0x1e0 ..\..\..\..\cpu\wl82\tools\sdk.elf.o
                0x020e025c                nor_sdfile_vfs_ops
                0x020e02d4                sdfile_vfs_ops
                0x020e034c                fat_sdfile_fat_ops
                0x020e03c4                fat_vfs_ops
                0x020e043c                _vfs_ops_end = .
                0x020e043c                PROVIDE (vfs_ops_end, .)
                0x020e043c                _initcall_begin = .
                0x020e043c                PROVIDE (initcall_begin, .)
 *(.initcall)
 .initcall      0x020e043c        0x4 ..\..\..\..\cpu\wl82\tools\sdk.elf.o
                0x020e043c                __initcall_app_update_init
                0x020e0440                _initcall_end = .
                0x020e0440                PROVIDE (initcall_end, .)
                0x020e0440                _early_initcall_begin = .
                0x020e0440                PROVIDE (early_initcall_begin, .)
 *(.early.initcall)
 .early.initcall
                0x020e0440       0x1c ..\..\..\..\cpu\wl82\tools\sdk.elf.o
                0x020e0440                __initcall_mutex_init
                0x020e0444                __initcall___sd_mutex_init
                0x020e0448                __initcall_app_version_check
                0x020e044c                __initcall_usb_memory_init
                0x020e0450                __initcall_sys_event_init
                0x020e0454                __initcall_thread_fork_init
                0x020e0458                __initcall_sdfile_init
                0x020e045c                _early_initcall_end = .
                0x020e045c                PROVIDE (early_initcall_end, .)
                0x020e045c                _late_initcall_begin = .
                0x020e045c                PROVIDE (late_initcall_begin, .)
 *(.late.initcall)
 .late.initcall
                0x020e045c       0x14 ..\..\..\..\cpu\wl82\tools\sdk.elf.o
                0x020e045c                __initcall_APPPrintDemoMain
                0x020e0460                __initcall_demo_wifi
                0x020e0464                __initcall_WifiPrinterStart
                0x020e0468                __initcall_sdk_meky_check
                0x020e046c                __initcall_ntp_client_init
                0x020e0470                _late_initcall_end = .
                0x020e0470                PROVIDE (late_initcall_end, .)
                0x020e0470                _platform_initcall_begin = .
                0x020e0470                PROVIDE (platform_initcall_begin, .)
 *(.platform.initcall)
 .platform.initcall
                0x020e0470        0x4 ..\..\..\..\cpu\wl82\tools\sdk.elf.o
                0x020e0470                __initcall_syscfg_tools_init
                0x020e0474                _platform_initcall_end = .
                0x020e0474                PROVIDE (platform_initcall_end, .)
                0x020e0474                _module_initcall_begin = .
                0x020e0474                PROVIDE (module_initcall_begin, .)
 *(.module.initcall)
 .module.initcall
                0x020e0474        0xc ..\..\..\..\cpu\wl82\tools\sdk.elf.o
                0x020e0474                __initcall_hw_iic_ops_link
                0x020e0478                __initcall_sw_iic_ops_link
                0x020e047c                __initcall_wait_completion_init
                0x020e0480                _module_initcall_end = .
                0x020e0480                PROVIDE (module_initcall_end, .)
                0x020e0480                _sys_event_handler_begin = .
                0x020e0480                PROVIDE (sys_event_handler_begin, .)
 *(.sys_event.*)
 .sys_event.device_event
                0x020e0480        0xc ..\..\..\..\cpu\wl82\tools\sdk.elf.o
                0x020e0480                __static_event_device_event
 .sys_event.sys_power_enent
                0x020e048c        0xc ..\..\..\..\cpu\wl82\tools\sdk.elf.o
                0x020e048c                __static_event_sys_power_enent
 .sys_event.key_event
                0x020e0498        0xc ..\..\..\..\cpu\wl82\tools\sdk.elf.o
                0x020e0498                __static_event_key_event
 .sys_event.tws_event
                0x020e04a4        0xc ..\..\..\..\cpu\wl82\tools\sdk.elf.o
                0x020e04a4                __static_event_tws_event
                0x020e04b0                _sys_event_handler_end = .
                0x020e04b0                PROVIDE (sys_event_handler_end, .)
                0x020e04b0                _syscfg_ops_begin = .
                0x020e04b0                PROVIDE (syscfg_ops_begin, .)
 *(.syscfg.2.ops)
 .syscfg.2.ops  0x020e04b0       0x1c ..\..\..\..\cpu\wl82\tools\sdk.elf.o
                0x020e04b0                cfg_btif
 *(.syscfg.1.ops)
 .syscfg.1.ops  0x020e04cc       0x1c ..\..\..\..\cpu\wl82\tools\sdk.elf.o
                0x020e04cc                cfg_vm
 *(.syscfg.0.ops)
 .syscfg.0.ops  0x020e04e8       0x1c ..\..\..\..\cpu\wl82\tools\sdk.elf.o
                0x020e04e8                cfg_bin
                0x020e0504                _syscfg_ops_end = .
                0x020e0504                PROVIDE (syscfg_ops_end, .)
                0x020e0504                _server_info_begin = .
                0x020e0504                PROVIDE (server_info_begin, .)
 *(.server_info)
 .server_info   0x020e0504       0x10 ..\..\..\..\cpu\wl82\tools\sdk.elf.o
                0x020e0504                ai_server_info
                0x020e0514                _server_info_end = .
                0x020e0514                PROVIDE (server_info_end, .)
                0x020e0514                _bus_device_begin = .
                [!provide]                PROVIDE (bus_device_begin, .)
 *(.bus_device)
                0x020e0514                _bus_device_end = .
                [!provide]                PROVIDE (bus_device_end, .)
                0x020e0514                _cmd_interface_begin = .
                [!provide]                PROVIDE (cmd_interface_begin, .)
 *(.eff_cmd)
                0x020e0514                _cmd_interface_end = .
                [!provide]                PROVIDE (cmd_interface_end, .)
                0x020e0514                _snap_interface_begin = .
                [!provide]                PROVIDE (snap_interface_begin, .)
 *(.snap_parm)
                0x020e0514                _snap_interface_end = .
                [!provide]                PROVIDE (snap_interface_end, .)
                0x020e0514                _device_node_begin = .
                0x020e0514                PROVIDE (device_node_begin, .)
 *(.device)
 .device        0x020e0514       0x84 ..\..\..\..\cpu\wl82\tools\sdk.elf.o
                0x020e0514                device_table
                0x020e0598                _device_node_end = .
                0x020e0598                PROVIDE (device_node_end, .)
                0x020e0598                lp_target_begin = .
                [!provide]                PROVIDE (lp_target_begin, .)
 *(.lp_target)
 .lp_target     0x020e0598       0x50 ..\..\..\..\cpu\wl82\tools\sdk.elf.o
                0x020e0598                iic_lp_target
                0x020e05a0                key_lp_target
                0x020e05a8                ota_lp_target
                0x020e05b0                usr_systimer_lp_target
                0x020e05b8                uart_lp_target
                0x020e05c0                spi_lp_target
                0x020e05c8                dac_lp_target
                0x020e05d0                pwm_lp_target
                0x020e05d8                usb_dev_lp_target
                0x020e05e0                btstack_lowpower_target
                0x020e05e8                lp_target_end = .
                [!provide]                PROVIDE (lp_target_end, .)
                0x020e05e8                _ai_sdk_api_begin = .
                0x020e05e8                PROVIDE (ai_sdk_api_begin, .)
 *(.ai_sdk)
                0x020e05e8                _ai_sdk_api_end = .
                0x020e05e8                PROVIDE (ai_sdk_api_end, .)
                0x020e05e8                config_target_begin = .
                [!provide]                PROVIDE (config_target_begin, .)
 *(.config_target)
                0x020e05e8                config_target_end = .
                [!provide]                PROVIDE (config_target_end, .)
                0x020e05e8                _tool_interface_begin = .
                [!provide]                PROVIDE (tool_interface_begin, .)
 *(.tool_interface)
                0x020e05e8                _tool_interface_end = .
                [!provide]                PROVIDE (tool_interface_end, .)
                0x020e05e8                _lcd_device_begin = .
                [!provide]                PROVIDE (lcd_device_begin, .)
 *(.lcd)
                0x020e05e8                _lcd_device_end = .
                [!provide]                PROVIDE (lcd_device_end, .)
                0x020e05e8                _camera_dev_begin = .
                [!provide]                PROVIDE (camera_dev_begin, .)
 *(.camera_dev)
                0x020e05e8                _camera_dev_end = .
                [!provide]                PROVIDE (camera_dev_end, .)
                0x020e05e8                _camera1_dev_begin = .
                [!provide]                PROVIDE (camera1_dev_begin, .)
 *(.camera1_dev)
                0x020e05e8                _camera1_dev_end = .
                [!provide]                PROVIDE (camera1_dev_end, .)
                0x020e05e8                _iic_device_begin = .
                0x020e05e8                PROVIDE (iic_device_begin, .)
 *(.iic)
 .iic           0x020e05e8       0x30 ..\..\..\..\cpu\wl82\tools\sdk.elf.o
                0x020e0618                _iic_device_end = .
                0x020e0618                PROVIDE (iic_device_end, .)
                0x020e0618                _video_pkg_sys_begin = .
                [!provide]                PROVIDE (video_pkg_sys_begin, .)
 *(.video_pkg_sys)
                0x020e0618                _video_pkg_sys_end = .
                [!provide]                PROVIDE (video_pkg_sys_end, .)
                0x020e0618                _video_pkg_begin = .
                [!provide]                PROVIDE (video_pkg_begin, .)
 *(.video_pkg)
                0x020e0618                _video_pkg_end = .
                [!provide]                PROVIDE (video_pkg_end, .)
                0x020e0618                . = ALIGN (0x4)
                0x020e0618                lcd_interface_begin = .
 *(.lcd_if_info)
                0x020e0618                lcd_interface_end = .
                0x020e0618                ui_style_begin = .
 *(.ui_style)
 .ui_style      0x020e0618       0x30 ..\..\..\..\cpu\wl82\tools\sdk.elf.o
                0x020e0648                ui_style_end = .
                0x020e0648                elm_event_handler_begin_JL = .
 *(.elm_event_handler_JL)
                0x020e0648                elm_event_handler_end_JL = .
                0x020e0648                elm_event_handler_begin_UPGRADE = .
 *(.elm_event_handler_UPGRADE)
                0x020e0648                elm_event_handler_end_UPGRADE = .
                0x020e0648                elm_event_handler_begin_DIAL = .
 *(.elm_event_handler_DIAL)
                0x020e0648                elm_event_handler_end_DIAL = .
                0x020e0648                control_event_handler_begin = .
 *(.control_event_handler)
                0x020e0648                control_event_handler_end = .
                0x020e0648                control_ops_begin = .
 *(.control_ops)
                0x020e0648                control_ops_end = .
                0x020e0648                battery_notify_begin = .
 *(.battery_notify)
                0x020e0648                battery_notify_end = .
                0x020e0648                . = ALIGN (0x4)
                0x020e0648                _audio_decoder_begin = .
                [!provide]                PROVIDE (audio_decoder_begin, .)
 *(.audio_decoder)
                0x020e0648                _audio_decoder_end = .
                [!provide]                PROVIDE (audio_decoder_end, .)
                0x020e0648                _audio_package_begin = .
                [!provide]                PROVIDE (audio_package_begin, .)
 *(.audio_package)
                0x020e0648                _audio_package_end = .
                [!provide]                PROVIDE (audio_package_end, .)
                0x020e0648                _audio_effect_begin = .
                [!provide]                PROVIDE (audio_effect_begin, .)
 *(.audio_effect)
                0x020e0648                _audio_effect_end = .
                [!provide]                PROVIDE (audio_effect_end, .)
                0x020e0648                _audio_hwaccel_begin = .
                [!provide]                PROVIDE (audio_hwaccel_begin, .)
 *(.audio_hwaccel)
                0x020e0648                _audio_hwaccel_end = .
                [!provide]                PROVIDE (audio_hwaccel_end, .)
                0x020e0648                _audio_output_handler_begin = .
                [!provide]                PROVIDE (audio_output_handler_begin, .)
 *(.audio_output_handler)
                0x020e0648                _audio_output_handler_end = .
                [!provide]                PROVIDE (audio_output_handler_end, .)
                0x020e0648                _audio_input_handler_begin = .
                [!provide]                PROVIDE (audio_input_handler_begin, .)
 *(.audio_input_handler)
                0x020e0648                _audio_input_handler_end = .
                [!provide]                PROVIDE (audio_input_handler_end, .)
                0x020e0648                _audio_subdev_begin = .
                [!provide]                PROVIDE (audio_subdev_begin, .)
 *(.audio_subdev.0)
 *(.audio_subdev.1)
 *(.audio_subdev.2)
 *(.audio_subdev.3)
                0x020e0648                _audio_subdev_end = .
                [!provide]                PROVIDE (audio_subdev_end, .)
                0x020e0648                _fm_dev_begin = .
                [!provide]                PROVIDE (fm_dev_begin, .)
 *(.fm_dev)
                0x020e0648                _fm_dev_end = .
                [!provide]                PROVIDE (fm_dev_end, .)
                0x020e0648                _video_dev_begin = .
                [!provide]                PROVIDE (video_dev_begin, .)
 *(.video_device)
                0x020e0648                _video_dev_end = .
                [!provide]                PROVIDE (video_dev_end, .)
                0x020e0648                _video_subdev_begin = .
                [!provide]                PROVIDE (video_subdev_begin, .)
 *(.video_subdev.0)
 *(.video_subdev.1)
 *(.video_subdev.2)
 *(.video_subdev.3)
 *(.video_subdev.4)
 *(.video_subdev.5)
                0x020e0648                _video_subdev_end = .
                [!provide]                PROVIDE (video_subdev_end, .)
                [!provide]                PROVIDE (__fsymtab_start, .)
 *(.FSymTab)
                [!provide]                PROVIDE (__fsymtab_end, .)
                [!provide]                PROVIDE (__vsymtab_start, .)
 *(.VSymTab)
                [!provide]                PROVIDE (__vsymtab_end, .)
                [!provide]                PROVIDE (__rtatcmdtab_start, .)
 *(.RtAtCmdTab)
                [!provide]                PROVIDE (__rtatcmdtab_end, .)
                0x020e0648                __rf_trim_movable_region_start = .
 *(.movable.region.1)
                0x020e0648                __rf_trim_movable_region_end = .
                0x020e0660                . = ALIGN (0x20)
 *fill*         0x020e0648       0x18 
                0x020e0660                _text_rodata_end = .
                0x020e0660                PROVIDE (text_rodata_end, .)
                0x04000120                . = ORIGIN (sdram)

.data           0x04000120        0x0
                0x04000120                . = ALIGN (0x4)

.bss            0x04000120        0x0
                0x04000120                . = ALIGN (0x4)
                0x01c00000                . = ORIGIN (ram0)

.ram0_data      0x01c00000     0x648c
                0x01c00000                _ram_text_rodata_begin = .
                0x01c00000                PROVIDE (ram_text_rodata_begin, .)
                0x01c00000                _VM_CODE_START = .
 *(.vm)
                0x01c00000                _VM_CODE_END = .
                0x01c00000                . = ALIGN (0x4)
                0x01c00000                _SPI_CODE_START = .
 *(.spi_code)
 .spi_code      0x01c00000      0xe42 ..\..\..\..\cpu\wl82\tools\sdk.elf.o
                0x01c004b6                read_flash_id
                0x01c0058a                flash_addr2cpu_addr
                0x01c0059a                sfc_drop_cache
                0x01c00672                norflash_erase
                0x01c00894                flushinv_dcache_api
                0x01c00954                cpu_addr2flash_addr
                0x01c00966                norflash_enter_spi_code
                0x01c009a6                norflash_eraser_otp
                0x01c00a6c                norflash_exit_spi_code
                0x01c00aa4                norflash_read_otp
                0x01c00c48                norflash_spi_cs
                0x01c00c52                norflash_spi_read_byte
                0x01c00c5a                norflash_spi_write_byte
                0x01c00c78                norflash_wait_busy
                0x01c00c80                norflash_write_otp
                0x01c00e32                sfc_protect
                0x01c00e3e                sfc_resume
                0x01c00e40                sfc_suspend
                0x01c00e44                . = ALIGN (0x4)
 *fill*         0x01c00e42        0x2 
                0x01c00e44                _SPI_CODE_END = .
 *(.flushinv_icache)
 .flushinv_icache
                0x01c00e44      0x122 ..\..\..\..\cpu\wl82\tools\sdk.elf.o
                0x01c00e44                icache_flush
                0x01c00e76                cache_way_config
 *(.volatile_ram_code)
 *fill*         0x01c00f66       0x1a 
 .volatile_ram_code
                0x01c00f80     0x29c9 ..\..\..\..\cpu\wl82\tools\sdk.elf.o
                0x01c0114a                dsp_corex_enter_hold
                0x01c0116e                cpu_enter_sfc_critical
                0x01c0122c                dsp_corex_exit_hold
                0x01c01244                cpu_exit_sfc_critical
                0x01c01316                sys_clk_source_set
                0x01c02586                sys_clk_source_resume
 .volatile_ram_code
                0x01c03949       0x5a ../../../../cpu/wl82/liba/system.a(movable.S.o)
                0x01c03949                movable_swi_entry
                0x01c039a4                . = ALIGN (0x4)
 *fill*         0x01c039a3        0x1 
 *(.movable.stub.1)
 *(*.text.cache.L1)
 *(*.text.cache.L2)
 *(*.text.const.cache.L2)
                0x01c039a4                . = ALIGN (0x4)
                0x01c039a4                __rf_trim_movable_slot_start = .
 *(.movable.slot.1)
                0x01c039a4                __rf_trim_movable_slot_end = .
 *(*.rf.text.cache.L2.rf_trim)
 .rf.text.cache.L2.rf_trim
                0x01c039a4      0xe56 ..\..\..\..\cpu\wl82\tools\sdk.elf.o
                0x01c047fa                _ram_text_rodata_end = .
                0x01c047fa                PROVIDE (ram_text_rodata_end, .)
                0x01c047fc                . = ALIGN (0x4)
 *fill*         0x01c047fa        0x2 
 *(.data)
 *fill*         0x01c047fc        0x4 
 .data          0x01c04800      0xee8 ..\..\..\..\cpu\wl82\tools\sdk.elf.o
 .data          0x01c056e8        0x4 C:\JL\pi32\pi32v2-lib\r3\libc.a(lib_a-ctype_.o)
                0x01c056e8                __ctype_ptr__
 .data          0x01c056ec      0x41c C:\JL\pi32\pi32v2-lib\r3\libc.a(lib_a-impure.o)
                0x01c056ec                _impure_ptr
                0x01c05b08                . = ALIGN (0x4)
 *(.volatile_ram)
 .volatile_ram  0x01c05b08      0x224 ..\..\..\..\cpu\wl82\tools\sdk.elf.o
                0x01c05b14                cpu_lock_cnt
                0x01c05b1c                irq_lock_cnt
 *(.non_volatile_ram)
 *(.fft_data)
 *(.deepsleep_target)
 *(.os_data)
 .os_data       0x01c05d2c       0x4f ..\..\..\..\cpu\wl82\tools\sdk.elf.o
                0x01c05d34                CurrentTCB
                0x01c05d48                highCurrentTCB
 *(.os_port_data)
                0x01c05d7c                . = ALIGN (0x4)
 *fill*         0x01c05d7b        0x1 
                0x01c05d7c                _ctp_mapping_tab_begin = .
                [!provide]                PROVIDE (ctp_mapping_tab_begin, .)
                0x01c05d7c                _ctp_mapping_tab_system_cmd_begin = .
                [!provide]                PROVIDE (ctp_mapping_tab_system_cmd_begin, .)
 *(.ctp_system_cmd)
                0x01c05d7c                _ctp_mapping_tab_system_cmd_end = .
                [!provide]                PROVIDE (ctp_mapping_tab_system_cmd_end, .)
                0x01c05d7c                _ctp_mapping_tab_video_cmd_begin = .
                [!provide]                PROVIDE (ctp_mapping_tab_video_cmd_begin, .)
 *(.ctp_video_cmd)
                0x01c05d7c                _ctp_mapping_tab_video_cmd_end = .
                [!provide]                PROVIDE (ctp_mapping_tab_video_cmd_end, .)
                0x01c05d7c                _ctp_mapping_tab_photo_cmd_begin = .
                [!provide]                PROVIDE (ctp_mapping_tab_photo_cmd_begin, .)
 *(.ctp_photo_cmd)
                0x01c05d7c                _ctp_mapping_tab_photo_cmd_end = .
                [!provide]                PROVIDE (ctp_mapping_tab_photo_cmd_end, .)
                0x01c05d7c                _ctp_mapping_tab_end = .
                [!provide]                PROVIDE (ctp_mapping_tab_end, .)
                0x01c05d7c                _net_video_stream_sub_begin = .
                [!provide]                PROVIDE (net_video_stream_sub_begin, .)
 *(.net_video_stream)
                0x01c05d7c                _net_video_stream_sub_end = .
                [!provide]                PROVIDE (net_video_stream_sub_end, .)
                0x01c05d7c                . = ALIGN (0x4)
                0x01c05d7c                btctler_data_start = .
                0x01c05d7c                BTCTLER_CONTROLLER_DATA_START = .
 *(.bt_rf_data)
 .bt_rf_data    0x01c05d7c      0x405 ..\..\..\..\cpu\wl82\tools\sdk.elf.o
 *(.vendor_manager_data)
 *(.device_manager_data)
 *(.hci_controller_data)
 *fill*         0x01c06181        0x3 
 .hci_controller_data
                0x01c06184       0xba ..\..\..\..\cpu\wl82\tools\sdk.elf.o
 *(.hci_interface_data)
                0x000004c2                BTCTLER_CONTROLLER_DATA_SIZE = ABSOLUTE ((. - BTCTLER_CONTROLLER_DATA_START))
                0x01c0623e                BTCTLER_LE_CONTROLLER_DATA_START = .
 *(.ble_ll_data)
 *fill*         0x01c0623e        0x2 
 .ble_ll_data   0x01c06240       0x18 ..\..\..\..\cpu\wl82\tools\sdk.elf.o
 *(.ble_hci_data)
 .ble_hci_data  0x01c06258       0xad ..\..\..\..\cpu\wl82\tools\sdk.elf.o
 *(.classic_hci_data)
 *(.ble_rf_data)
 *fill*         0x01c06305        0x3 
 .ble_rf_data   0x01c06308        0xc ..\..\..\..\cpu\wl82\tools\sdk.elf.o
                0x000000d6                BTCTLER_LE_CONTROLLER_DATA_SIZE = ABSOLUTE ((. - BTCTLER_LE_CONTROLLER_DATA_START))
                0x01c06314                BTCTLER_CL_DATA_START = .
 *(.classic_lmp_data)
 .classic_lmp_data
                0x01c06314       0xb4 ..\..\..\..\cpu\wl82\tools\sdk.elf.o
 *(.classic_lmp_auth_data)
 *(.classic_lmp_bigint_data)
 *(.classic_lmp_crypt_data)
 *(.classic_lmp_ecdh_data)
 *(.classic_lmp_linkbulk_data)
 *(.classic_lmp_hmac_data)
 *(.classic_rf_data)
 .classic_rf_data
                0x01c063c8       0x12 ..\..\..\..\cpu\wl82\tools\sdk.elf.o
 *(.classic_bb_data)
                0x000000c6                BTCTLER_CL_DATA_SIZE = ABSOLUTE ((. - BTCTLER_CL_DATA_START))
                0x01c063da                btctler_data_end = .
                0x01c063dc                . = ALIGN (0x4)
 *fill*         0x01c063da        0x2 
                0x01c063dc                btstack_data_start = .
 *(.bt_stack_data)
 .bt_stack_data
                0x01c063dc       0xac ..\..\..\..\cpu\wl82\tools\sdk.elf.o
 *(.ble_db_data)
 *(.ble_sm_data)
 .ble_sm_data   0x01c06488        0x4 ..\..\..\..\cpu\wl82\tools\sdk.elf.o
 *(.ble_att_data)
 *(.ble_gatt_data)
                0x01c0648c                BTSTACK_LE_HOST_MESH_DATA_START = .
                0x01c0648c                . = ((. + 0x3) & 0xfffffffc)
                0x01c0648c                _net_buf_pool_list = .
 *(._net_buf_pool.static.*)
 *(.ble_mesh_data)
 *(.ble_mesh_tinycrypt_data)
                0x00000000                BTSTACK_LE_HOST_MESH_DATA_SIZE = ABSOLUTE ((. - BTSTACK_LE_HOST_MESH_DATA_START))
                0x01c0648c                btstack_data_end = .
                0x01c0648c                . = ALIGN (0x4)

.ram0_bss       0x01c0648c    0x2bc34
                0x01c0648c                . = ALIGN (0x4)
                0x01c0648c                btctler_bss_start = .
                0x01c0648c                BTCTLER_CONTROLLER_BSS_START = .
 *(.bd_base)
 .bd_base       0x01c0648c     0x1064 ..\..\..\..\cpu\wl82\tools\sdk.elf.o
 *(.bredr_rxtx_bulk)
                0x01c074f0                acl_tx_pool = .
 *(.bredr_tx_bulk)
                0x01c08cf0                acl_tx_pool_end = (acl_tx_pool + 0x1800)
                0x01c08cf0                . = acl_tx_pool_end
 *fill*         0x01c074f0     0x1800 
                0x01c08cf0                acl_rx_pool = .
 *(.bredr_rx_bulk)
                0x01c0bcf0                acl_rx_pool_end = (acl_rx_pool + 0x3000)
                0x01c0bcf0                . = acl_rx_pool_end
 *fill*         0x01c08cf0     0x3000 
                0x01c0bcf0                tws_bulk_pool = .
                0x01c0bcf0                tws_bulk_pool_end = tws_bulk_pool
                0x01c0bcf0                . = tws_bulk_pool_end
 *(.bt_rf_bss)
 *(.hci_controller_bss)
 .hci_controller_bss
                0x01c0bcf0        0x8 ..\..\..\..\cpu\wl82\tools\sdk.elf.o
 *(.hci_interface_bss)
 *(.device_manager_bss)
 *(.vendor_manager_bss)
                0x0000586c                BTCTLER_CONTROLLER_BSS_SIZE = ABSOLUTE ((. - BTCTLER_CONTROLLER_BSS_START))
                0x01c0bcf8                BTCTLER_LE_CONTROLLER_BSS_START = .
 *(.ble_hci_bss)
 .ble_hci_bss   0x01c0bcf8       0x80 ..\..\..\..\cpu\wl82\tools\sdk.elf.o
 *(.ble_ll_bss)
 .ble_ll_bss    0x01c0bd78       0x57 ..\..\..\..\cpu\wl82\tools\sdk.elf.o
 *(.ble_rf_bss)
 *fill*         0x01c0bdcf        0x1 
 .ble_rf_bss    0x01c0bdd0        0x8 ..\..\..\..\cpu\wl82\tools\sdk.elf.o
                0x000000e0                BTCTLER_LE_CONTROLLER_BSS_SIZE = ABSOLUTE ((. - BTCTLER_LE_CONTROLLER_BSS_START))
                0x01c0bdd8                BTCTLER_CL_BSS_START = .
 *(.classic_rf_bss)
 .classic_rf_bss
                0x01c0bdd8       0xb8 ..\..\..\..\cpu\wl82\tools\sdk.elf.o
 *(.classic_lmp_bss)
 .classic_lmp_bss
                0x01c0be90      0x25c ..\..\..\..\cpu\wl82\tools\sdk.elf.o
 *(.classic_lmp_auth_bss)
 *(.classic_lmp_bigint_bss)
 *(.classic_lmp_crypt_bss)
 *(.classic_lmp_ecdh_bss)
 *(.classic_lmp_linkbulk_bss)
 *(.classic_lmp_hmac_bss)
 *(.classic_bb_bss)
 *(.classic_hci_bss)
                0x00000314                BTCTLER_CL_BSS_SIZE = ABSOLUTE ((. - BTCTLER_CL_BSS_START))
                0x01c0c0ec                btctler_bss_end = .
                0x01c0c0ec                . = ALIGN (0x4)
                0x01c0c0ec                btstack_bss_start = .
 *(.bt_stack_bss)
 .bt_stack_bss  0x01c0c0ec      0xff6 ..\..\..\..\cpu\wl82\tools\sdk.elf.o
 *(.ble_db_bss)
 *fill*         0x01c0d0e2        0x2 
 .ble_db_bss    0x01c0d0e4       0x20 ..\..\..\..\cpu\wl82\tools\sdk.elf.o
 *(.ble_sm_bss)
 *(.ble_att_bss)
 .ble_att_bss   0x01c0d104       0x40 ..\..\..\..\cpu\wl82\tools\sdk.elf.o
 *(.ble_gatt_bss)
 .ble_gatt_bss  0x01c0d144       0x18 ..\..\..\..\cpu\wl82\tools\sdk.elf.o
 *(.btstack_pool)
                0x01c0d15c                BTSTACK_LE_HOST_MESH_BSS_START = .
 *(.ble_mesh_bss)
 *(.ble_mesh_tinycrypt_bss)
                0x00000000                BTSTACK_LE_HOST_MESH_BSS_SIZE = ABSOLUTE ((. - BTSTACK_LE_HOST_MESH_BSS_START))
                0x01c0d15c                btstack_bss_end = .
 *(.bss)
 *fill*         0x01c0d15c        0x4 
 .bss           0x01c0d160    0x1f2f0 ..\..\..\..\cpu\wl82\tools\sdk.elf.o
 *(COMMON)
 *(.mem_heap)
                0x01c2c450                . = ALIGN (0x4)
 *(.the_debug_isr_stack_c0)
 *(.the_debug_isr_stack_c1)
                0x01c2c450                _stack_info_begin = .
                [!provide]                PROVIDE (stack_info_begin, .)
 *(.stack)
 *(.stack_magic)
 *(.stack_magic0)
 *(.cpu0_ustack)
 .cpu0_ustack   0x01c2c450      0x300 ../../../../cpu/wl82/liba/cpu.a(startup.S.o)
                0x01c2c750                _cpu0_ustack
                0x01c2c750                _cpu0_sstack_begin = .
                0x01c2c750                PROVIDE (cpu0_sstack_begin, .)
 *(.cpu0_sstack)
 .cpu0_sstack   0x01c2c750     0x1000 ../../../../cpu/wl82/liba/cpu.a(startup.S.o)
                0x01c2d750                _cpu0_sstack
                0x01c2d750                _cpu0_sstack_end = .
                0x01c2d750                PROVIDE (cpu0_sstack_end, .)
 *(.cpu1_ustack)
 .cpu1_ustack   0x01c2d750      0x300 ../../../../cpu/wl82/liba/cpu.a(startup.S.o)
                0x01c2da50                _cpu1_ustack
                0x01c2da50                _cpu1_sstack_begin = .
                0x01c2da50                PROVIDE (cpu1_sstack_begin, .)
 *(.cpu1_sstack)
 .cpu1_sstack   0x01c2da50     0x1000 ../../../../cpu/wl82/liba/cpu.a(startup.S.o)
                0x01c2ea50                _cpu1_sstack
                0x01c2ea50                _cpu1_sstack_end = .
                0x01c2ea50                PROVIDE (cpu1_sstack_end, .)
                0x01c2ea50                _stack_info_end = .
                [!provide]                PROVIDE (stack_info_end, .)
 *(.sd_var)
 *(.sram)
 *fill*         0x01c2ea50       0x10 
 .sram          0x01c2ea60      0xae0 ..\..\..\..\cpu\wl82\tools\sdk.elf.o
                0x01c2ea60                cpu1_run_flag
                0x01c2f540                . = ALIGN (0x4)
 *(.os_port_bss)
 *(.os_bss)
 .os_bss        0x01c2f540      0x8fd ..\..\..\..\cpu\wl82\tools\sdk.elf.o
 *(.update_bss)
 *fill*         0x01c2fe3d        0x3 
 .update_bss    0x01c2fe40      0x204 ..\..\..\..\cpu\wl82\tools\sdk.elf.o
                0x01c30044                . = ALIGN (0x4)
                0x01c30044                _usb_data_begin = .
                [!provide]                PROVIDE (usb_data_begin, .)
 *(.usb_h_bss)
 *(.usb_g_bss)
 *(.usb_h_dma)
 *(.usb_config_var)
 .usb_config_var
                0x01c30044      0x790 ..\..\..\..\cpu\wl82\tools\sdk.elf.o
 *(.usb_msd_dma)
 *(.usb_fifo)
 *fill*         0x01c307d4       0x2c 
 .usb_fifo      0x01c30800      0xfc0 ..\..\..\..\cpu\wl82\tools\sdk.elf.o
 *(.mass_storage)
 .mass_storage  0x01c317c0      0x900 ..\..\..\..\cpu\wl82\tools\sdk.elf.o
 *(.uac_var)
 *(.uac_rx)
 *(.usb_h_udisk)
 *(.cdc_var)
                0x01c320c0                _usb_data_end = .
                [!provide]                PROVIDE (usb_data_end, .)
                0x01c320c0                . = ALIGN (0x4)
                0x01c320c0                _HEAP_BEGIN = (((. + 0x1f) / 0x20) * 0x20)
                0x01c320c0                PROVIDE (HEAP_BEGIN, (((. + 0x1f) / 0x20) * 0x20))
                0x01c7fd30                _HEAP_END = ((0x1c00000 + RAM0_SIZE) - 0x20)
                0x01c7fd30                PROVIDE (HEAP_END, ((0x1c00000 + RAM0_SIZE) - 0x20))
                0x0004dc70                _MALLOC_SIZE = (_HEAP_END - _HEAP_BEGIN)
                [!provide]                PROVIDE (MALLOC_SIZE, (_HEAP_END - _HEAP_BEGIN))
                0x01c7fd50                . = ORIGIN (boot_info)

.boot_info      0x01c7fd50       0x28
 *(.boot_info)
 .boot_info     0x01c7fd50       0x28 ..\..\..\..\cpu\wl82\tools\sdk.elf.o
                0x01c7fd78                . = ALIGN (0x4)
                0x01f28000                . = ORIGIN (cache_ram)

.cache_ram_data
                0x01f28000       0x40
                0x01f28000                _app_begin = .
                0x01f28000                PROVIDE (app_begin, .)
 *(.app)
 .app           0x01f28000       0x20 ..\..\..\..\cpu\wl82\tools\sdk.elf.o
                0x01f28020                _app_end = .
                0x01f28020                PROVIDE (app_end, .)
                0x01f28020                _static_hi_timer_begin = .
                [!provide]                PROVIDE (static_hi_timer_begin, .)
 *(.hi_timer)
                0x01f28020                _static_hi_timer_end = .
                [!provide]                PROVIDE (static_hi_timer_end, .)
                0x01f28020                _sys_cpu_timer_begin = .
                0x01f28020                PROVIDE (sys_cpu_timer_begin, .)
 *(.sys_cpu_timer)
 .sys_cpu_timer
                0x01f28020       0x10 ..\..\..\..\cpu\wl82\tools\sdk.elf.o
                0x01f28020                cpu_timer4
                0x01f28030                _sys_cpu_timer_end = .
                0x01f28030                PROVIDE (sys_cpu_timer_end, .)
                0x01f28030                _gsensor_dev_begin = .
                [!provide]                PROVIDE (gsensor_dev_begin, .)
 *(.gsensor_dev)
                0x01f28030                _gsensor_dev_end = .
                [!provide]                PROVIDE (gsensor_dev_end, .)
                0x01f28030                _clock_critical_handler_begin = .
                0x01f28030                PROVIDE (clock_critical_handler_begin, .)
 *(.clock_critical_txt)
 .clock_critical_txt
                0x01f28030       0x10 ..\..\..\..\cpu\wl82\tools\sdk.elf.o
                0x01f28030                clock_port
                0x01f28038                clock_timer1
                0x01f28040                _clock_critical_handler_end = .
                0x01f28040                PROVIDE (clock_critical_handler_end, .)
                0x01f28040                . = ALIGN (0x4)

.cache_ram_bss  0x01f28040     0x5da8
 *(.memp_memory_x)
 .memp_memory_x
                0x01f28040     0x5da7 ..\..\..\..\cpu\wl82\tools\sdk.elf.o
                0x01f2dde8                . = ALIGN (0x4)
 *fill*         0x01f2dde7        0x1 
                0x02000120                text_begin = ADDR (.text)
                0x000e0540                text_size = SIZEOF (.text)
                [!provide]                PROVIDE (text_size, SIZEOF (.text))
                0x04000120                bss_begin = ADDR (.bss)
                0x00000000                bss_size = SIZEOF (.bss)
                [!provide]                PROVIDE (bss_size, SIZEOF (.bss))
                0x04000120                data_vma = ADDR (.data)
                0x020e0660                data_lma = (text_begin + SIZEOF (.text))
                0x00000000                data_size = SIZEOF (.data)
                [!provide]                PROVIDE (data_size, SIZEOF (.data))
                0x01c0648c                _ram0_bss_vma = ADDR (.ram0_bss)
                0x0002bc34                _ram0_bss_size = SIZEOF (.ram0_bss)
                0x0002bc34                PROVIDE (ram0_bss_size, SIZEOF (.ram0_bss))
                0x01c00000                _ram0_data_vma = ADDR (.ram0_data)
                0x020e0660                _ram0_data_lma = ((text_begin + SIZEOF (.text)) + SIZEOF (.data))
                0x0000648c                _ram0_data_size = SIZEOF (.ram0_data)
                0x0000648c                PROVIDE (ram0_data_size, SIZEOF (.ram0_data))
                0x01f28040                PROVIDE (cache_ram_bss_vma, ADDR (.cache_ram_bss))
                0x00005da8                PROVIDE (cache_ram_bss_size, SIZEOF (.cache_ram_bss))
                0x01f28000                PROVIDE (cache_ram_data_vma, ADDR (.cache_ram_data))
                0x020e6aec                PROVIDE (cache_ram_data_lma, (((text_begin + SIZEOF (.text)) + SIZEOF (.data)) + SIZEOF (.ram0_data)))
                0x00000040                PROVIDE (cache_ram_data_size, SIZEOF (.cache_ram_data))
                0x000001b6                BTCTLER_LE_RAM_TOTAL = (BTCTLER_LE_CONTROLLER_DATA_SIZE + BTCTLER_LE_CONTROLLER_BSS_SIZE)
                0x00007fc2                BTCTLER_LE_CODE_TOTAL = BTCTLER_LE_CONTROLLER_CODE_SIZE
                0x000003da                BTCTLER_CL_RAM_TOTAL = (BTCTLER_CL_DATA_SIZE + BTCTLER_CL_BSS_SIZE)
                0x00010830                BTCTLER_CL_CODE_TOTAL = BTCTLER_CL_CODE_SIZE
                0x00005d2e                BTCTLER_COMMON_RAM_TOTAL = (BTCTLER_CONTROLLER_BSS_SIZE + BTCTLER_CONTROLLER_DATA_SIZE)
                0x000010ac                BTCTLER_COMMON_CODE_TOTAL = BTCTLER_CONTROLLER_CODE_SIZE
                0x000062be                BTCTLER_RAM_TOTAL = ((btctler_data_end - btctler_data_start) + (btctler_bss_end - btctler_bss_start))
                0x0001b02c                BTCTLER_CODE_TOTAL = (btctler_code_end - btctler_code_start)
                0x00000000                BTSTACK_LE_HOST_MESH_RAM_TOTAL = (BTSTACK_LE_HOST_MESH_DATA_SIZE + BTSTACK_LE_HOST_MESH_BSS_SIZE)
                0x00000000                BTSTACK_LE_HOST_MESH_FLASH_TOTAL = BTSTACK_LE_HOST_MESH_CODE_SIZE
LOAD ../../../../cpu/wl82/liba/lib_structure.a
LOAD C:\JL\pi32\pi32v2-lib\r3\libm.a
LOAD C:\JL\pi32\pi32v2-lib\r3\libc.a
LOAD C:\JL\pi32\pi32v2-lib\r3\libm.a
LOAD C:\JL\pi32\pi32v2-lib\r3\libcompiler-rt.a
OUTPUT(..\..\..\..\cpu\wl82\tools\sdk.elf elf32-pi32v2)

.debug_str      0x00000000    0x7697f
 .debug_str     0x00000000    0x7697f ..\..\..\..\cpu\wl82\tools\sdk.elf.o
                              0x7ff63 (size before relaxing)

.debug_loc      0x00000000    0x88495
 .debug_loc     0x00000000    0x88495 ..\..\..\..\cpu\wl82\tools\sdk.elf.o

.debug_abbrev   0x00000000     0x11a3
 .debug_abbrev  0x00000000     0x112b ..\..\..\..\cpu\wl82\tools\sdk.elf.o
 .debug_abbrev  0x0000112b       0x28 ../../../../cpu/wl82/liba/system.a(port_asm.S.o)
 .debug_abbrev  0x00001153       0x28 ../../../../cpu/wl82/liba/system.a(movable.S.o)
 .debug_abbrev  0x0000117b       0x28 ../../../../cpu/wl82/liba/cpu.a(startup.S.o)

.debug_info     0x00000000   0x2644c6
 .debug_info    0x00000000   0x2640dd ..\..\..\..\cpu\wl82\tools\sdk.elf.o
 .debug_info    0x002640dd      0x10d ../../../../cpu/wl82/liba/system.a(port_asm.S.o)
 .debug_info    0x002641ea       0xfe ../../../../cpu/wl82/liba/system.a(movable.S.o)
 .debug_info    0x002642e8      0x1de ../../../../cpu/wl82/liba/cpu.a(startup.S.o)

.debug_ranges   0x00000000    0x106a0
 .debug_ranges  0x00000000    0x106a0 ..\..\..\..\cpu\wl82\tools\sdk.elf.o

.debug_macinfo  0x00000000        0x1
 .debug_macinfo
                0x00000000        0x1 ..\..\..\..\cpu\wl82\tools\sdk.elf.o

.debug_pubnames
                0x00000000    0x3a5f0
 .debug_pubnames
                0x00000000    0x3a5f0 ..\..\..\..\cpu\wl82\tools\sdk.elf.o

.debug_pubtypes
                0x00000000    0x467e6
 .debug_pubtypes
                0x00000000    0x467e6 ..\..\..\..\cpu\wl82\tools\sdk.elf.o

.debug_frame    0x00000000    0x1ca70
 .debug_frame   0x00000000    0x1ca70 ..\..\..\..\cpu\wl82\tools\sdk.elf.o

.debug_line     0x00000000    0xe911e
 .debug_line    0x00000000    0xe83e3 ..\..\..\..\cpu\wl82\tools\sdk.elf.o
 .debug_line    0x000e83e3       0x2c obj/Release/include_lib/btctrler/version.z.o
 .debug_line    0x000e840f       0x2c obj/Release/include_lib/btstack/version.z.o
 .debug_line    0x000e843b       0x2c obj/Release/include_lib/driver/version.z.o
 .debug_line    0x000e8467       0x2c obj/Release/include_lib/media/version.z.o
 .debug_line    0x000e8493       0x2c obj/Release/include_lib/net/version.z.o
 .debug_line    0x000e84bf       0x2c obj/Release/include_lib/server/version.z.o
 .debug_line    0x000e84eb       0x2c obj/Release/include_lib/system/version.z.o
 .debug_line    0x000e8517       0x2c obj/Release/include_lib/update/version.z.o
 .debug_line    0x000e8543       0x2c obj/Release/include_lib/utils/version.z.o
 .debug_line    0x000e856f       0x2c obj/Release/lib/net/version.z.o
 .debug_line    0x000e859b       0x2c obj/Release/lib/server/version.z.o
 .debug_line    0x000e85c7       0x2c obj/Release/lib/utils/version.z.o
 .debug_line    0x000e85f3       0x2c ../../../../cpu/wl82/liba/event.a(version.z.o)
 .debug_line    0x000e861f       0xd2 ../../../../cpu/wl82/liba/system.a(port_asm.S.o)
 .debug_line    0x000e86f1       0xbf ../../../../cpu/wl82/liba/system.a(movable.S.o)
 .debug_line    0x000e87b0       0x2c ../../../../cpu/wl82/liba/system.a(version.z.o)
 .debug_line    0x000e87dc       0x2c ../../../../cpu/wl82/liba/cfg_tool.a(version.z.o)
 .debug_line    0x000e8808       0xd6 ../../../../cpu/wl82/liba/cpu.a(startup.S.o)
 .debug_line    0x000e88de       0x2c ../../../../cpu/wl82/liba/cpu.a(version.z.o)
 .debug_line    0x000e890a       0x2c ../../../../cpu/wl82/liba/update.a(version.z.o)
 .debug_line    0x000e8936       0x2c ../../../../cpu/wl82/liba/common_lib.a(version.z.o)
 .debug_line    0x000e8962       0x2c ../../../../cpu/wl82/liba/wl_rf_common.a(version.z.o)
 .debug_line    0x000e898e       0x2c ../../../../cpu/wl82/liba/fs.a(version.z.o)
 .debug_line    0x000e89ba       0x2c ../../../../cpu/wl82/liba/audio_server.a(version.z.o)
 .debug_line    0x000e89e6       0x2c ../../../../cpu/wl82/liba/libvad.a(version.z.o)